
Optional file libmchp_peripheral.a not found

Optional file libmchp_peripheral_32MX130F064B.a not found
Archive member included because of file (symbol)

c:/program files/microchip/xc32/v2.50/bin/bin/../../lib/gcc/pic32mx/4.8.3/../../../../pic32mx/lib\libpic32.a(default-bootstrap-exception-handler.o)
                              C:\Users\pd55xhr\AppData\Local\Temp\ccOONntQ.o (_bootstrap_exception_handler)
c:/program files/microchip/xc32/v2.50/bin/bin/../../lib/gcc/pic32mx/4.8.3/../../../../pic32mx/lib\libpic32.a(default-on-reset.o)
                              C:\Users\pd55xhr\AppData\Local\Temp\ccOONntQ.o (_on_reset)
c:/program files/microchip/xc32/v2.50/bin/bin/../../lib/gcc/pic32mx/4.8.3/../../../../pic32mx/lib\libpic32.a(default-on-bootstrap.o)
                              C:\Users\pd55xhr\AppData\Local\Temp\ccOONntQ.o (_on_bootstrap)
c:/program files/microchip/xc32/v2.50/bin/bin/../../lib/gcc/pic32mx/4.8.3/../../../../pic32mx/lib\libpic32.a(default-nmi-handler.o)
                              C:\Users\pd55xhr\AppData\Local\Temp\ccOONntQ.o (_nmi_handler)
c:/program files/microchip/xc32/v2.50/bin/bin/../../lib/gcc/pic32mx/4.8.3/../../../../pic32mx/lib\libpic32.a(pic32_data_init.o)
                              C:\Users\pd55xhr\AppData\Local\Temp\ccOONntQ.o (__pic32_data_init)
c:/program files/microchip/xc32/v2.50/bin/bin/../../lib/gcc/pic32mx/4.8.3/../../../../pic32mx/lib\libpic32.a(general-exception.o)
                              C:\Users\pd55xhr\AppData\Local\Temp\ccOONntQ.o (_general_exception_context)
c:/program files/microchip/xc32/v2.50/bin/bin/../../lib/gcc/pic32mx/4.8.3/../../../../pic32mx/lib\libpic32.a(vector0.o)
                              C:\Users\pd55xhr\AppData\Local\Temp\ccfShkOc.o (__vector_dispatch_0)
c:/program files/microchip/xc32/v2.50/bin/bin/../../lib/gcc/pic32mx/4.8.3/../../../../pic32mx/lib\libpic32.a(vector1.o)
                              C:\Users\pd55xhr\AppData\Local\Temp\ccfShkOc.o (__vector_dispatch_1)
c:/program files/microchip/xc32/v2.50/bin/bin/../../lib/gcc/pic32mx/4.8.3/../../../../pic32mx/lib\libpic32.a(vector2.o)
                              C:\Users\pd55xhr\AppData\Local\Temp\ccfShkOc.o (__vector_dispatch_2)
c:/program files/microchip/xc32/v2.50/bin/bin/../../lib/gcc/pic32mx/4.8.3/../../../../pic32mx/lib\libpic32.a(vector3.o)
                              C:\Users\pd55xhr\AppData\Local\Temp\ccfShkOc.o (__vector_dispatch_3)
c:/program files/microchip/xc32/v2.50/bin/bin/../../lib/gcc/pic32mx/4.8.3/../../../../pic32mx/lib\libpic32.a(vector4.o)
                              C:\Users\pd55xhr\AppData\Local\Temp\ccfShkOc.o (__vector_dispatch_4)
c:/program files/microchip/xc32/v2.50/bin/bin/../../lib/gcc/pic32mx/4.8.3/../../../../pic32mx/lib\libpic32.a(vector5.o)
                              C:\Users\pd55xhr\AppData\Local\Temp\ccfShkOc.o (__vector_dispatch_5)
c:/program files/microchip/xc32/v2.50/bin/bin/../../lib/gcc/pic32mx/4.8.3/../../../../pic32mx/lib\libpic32.a(vector6.o)
                              C:\Users\pd55xhr\AppData\Local\Temp\ccfShkOc.o (__vector_dispatch_6)
c:/program files/microchip/xc32/v2.50/bin/bin/../../lib/gcc/pic32mx/4.8.3/../../../../pic32mx/lib\libpic32.a(vector7.o)
                              C:\Users\pd55xhr\AppData\Local\Temp\ccfShkOc.o (__vector_dispatch_7)
c:/program files/microchip/xc32/v2.50/bin/bin/../../lib/gcc/pic32mx/4.8.3/../../../../pic32mx/lib\libpic32.a(vector9.o)
                              C:\Users\pd55xhr\AppData\Local\Temp\ccfShkOc.o (__vector_dispatch_9)
c:/program files/microchip/xc32/v2.50/bin/bin/../../lib/gcc/pic32mx/4.8.3/../../../../pic32mx/lib\libpic32.a(vector10.o)
                              C:\Users\pd55xhr\AppData\Local\Temp\ccfShkOc.o (__vector_dispatch_10)
c:/program files/microchip/xc32/v2.50/bin/bin/../../lib/gcc/pic32mx/4.8.3/../../../../pic32mx/lib\libpic32.a(vector11.o)
                              C:\Users\pd55xhr\AppData\Local\Temp\ccfShkOc.o (__vector_dispatch_11)
c:/program files/microchip/xc32/v2.50/bin/bin/../../lib/gcc/pic32mx/4.8.3/../../../../pic32mx/lib\libpic32.a(vector12.o)
                              C:\Users\pd55xhr\AppData\Local\Temp\ccfShkOc.o (__vector_dispatch_12)
c:/program files/microchip/xc32/v2.50/bin/bin/../../lib/gcc/pic32mx/4.8.3/../../../../pic32mx/lib\libpic32.a(vector13.o)
                              C:\Users\pd55xhr\AppData\Local\Temp\ccfShkOc.o (__vector_dispatch_13)
c:/program files/microchip/xc32/v2.50/bin/bin/../../lib/gcc/pic32mx/4.8.3/../../../../pic32mx/lib\libpic32.a(vector14.o)
                              C:\Users\pd55xhr\AppData\Local\Temp\ccfShkOc.o (__vector_dispatch_14)
c:/program files/microchip/xc32/v2.50/bin/bin/../../lib/gcc/pic32mx/4.8.3/../../../../pic32mx/lib\libpic32.a(vector15.o)
                              C:\Users\pd55xhr\AppData\Local\Temp\ccfShkOc.o (__vector_dispatch_15)
c:/program files/microchip/xc32/v2.50/bin/bin/../../lib/gcc/pic32mx/4.8.3/../../../../pic32mx/lib\libpic32.a(vector16.o)
[...]
Memory Configuration

Name             Origin             Length             Attributes
kseg0_data_mem   0x80000000         0x00000200
kseg1_data_mem   0xa0000000         0x00004000         w !x
kseg0_boot_mem   0x9fc00490         0x00000000
kseg1_boot_mem   0xbfc00000         0x00000490
kseg0_program_mem 0x9d000000         0x0000f000         xr
exception_mem    0x9d00f000         0x00001000
debug_exec_mem   0x9fc00490         0x00000760
config3          0xbfc00bf0         0x00000004
config2          0xbfc00bf4         0x00000004
config1          0xbfc00bf8         0x00000004
config0          0xbfc00bfc         0x00000004
sfrs             0xbf800000         0x00100000
configsfrs       0xbfc00bf0         0x00000010
*default*        0x00000000         0xffffffff

Linker script and memory map


reserve_data_0_kseg0
                0x80000000      0x200
                0x80000000        0x2 SHORT 0x0
                0x000001fd                . = 0x1fd
 *fill*         0x80000002      0x1fb 
                0x80000200                . = ALIGN (0x4)
 *fill*         0x800001fd        0x3 

reserve_data_0_kseg1
                0xa0000000      0x200
                0xa0000000        0x2 SHORT 0x0
                0x000001fd                . = 0x1fd
 *fill*         0xa0000002      0x1fb 
                0xa0000200                . = ALIGN (0x4)
 *fill*         0xa00001fd        0x3 

reserve_boot_0x1fc00490_kseg0
                0x9fc00490      0x760
                0x9fc00490        0x2 SHORT 0x0
                0x00000760                . = 0x760
 *fill*         0x9fc00492      0x75e 
                0x9fc00bf0                . = ALIGN (0x4)

reserve_boot_0x1fc00490_kseg1
                0xbfc00490      0x760
                0xbfc00490        0x2 SHORT 0x0
                0x00000760                . = 0x760
 *fill*         0xbfc00492      0x75e 
                0xbfc00bf0                . = ALIGN (0x4)
LOAD c:/program files/microchip/xc32/v2.50/bin/bin/../../lib/gcc/pic32mx/4.8.3/../../../../pic32mx/lib\software-debug-break.o
LOAD build/default/debug/_ext/1361460060/drv_adc_static.o
LOAD build/default/debug/_ext/1047219354/drv_oc_mapping.o
LOAD build/default/debug/_ext/1047219354/drv_oc_static.o
LOAD build/default/debug/_ext/1407244131/drv_tmr_static.o
LOAD build/default/debug/_ext/1407244131/drv_tmr_mapping.o
LOAD build/default/debug/_ext/639803181/sys_clk_pic32mx.o
LOAD build/default/debug/_ext/340578644/sys_devcon.o
LOAD build/default/debug/_ext/340578644/sys_devcon_pic32mx.o
LOAD build/default/debug/_ext/822048611/sys_ports_static.o
LOAD build/default/debug/_ext/1688732426/system_init.o
LOAD build/default/debug/_ext/1688732426/system_interrupt.o
LOAD build/default/debug/_ext/1688732426/system_exceptions.o
LOAD build/default/debug/_ext/1688732426/system_tasks.o
LOAD build/default/debug/_ext/1360937237/app.o
LOAD build/default/debug/_ext/1360937237/main.o
LOAD build/default/debug/_ext/1360937237/Mc32DriverAdc.o
LOAD build/default/debug/_ext/1360937237/Mc32_I2cUtilCCS.o
LOAD build/default/debug/_ext/475095144/drv_i2c.o
LOAD build/default/debug/_ext/475095144/drv_i2c_forced.o
LOAD build/default/debug/_ext/1042686532/sys_int_pic32.o
LOAD ..\..\..\..\..\bin\framework\peripheral\PIC32MX130F064B_peripherals.a
                0x00000001                __MPLAB_BUILD = 0x1
                0x00000001                __MPLAB_DEBUG = 0x1
                0x00000001                __DEBUG = 0x1
                0x00000001                __MPLAB_DEBUGGER_ICD3 = 0x1
                0x00000000                _min_heap_size = 0x0
LOAD C:\Users\pd55xhr\AppData\Local\Temp\ccOONntQ.o
LOAD C:\Users\pd55xhr\AppData\Local\Temp\ccCzicY0.o
LOAD C:\Users\pd55xhr\AppData\Local\Temp\ccfShkOc.o
LOAD c:/program files/microchip/xc32/v2.50/bin/bin/../../lib/gcc/pic32mx/4.8.3/../../../../pic32mx/lib\pic32_software_reset.o
                0x00000400                PROVIDE (_min_stack_size, 0x400)
START GROUP
LOAD c:/program files/microchip/xc32/v2.50/bin/bin/../../lib/gcc/pic32mx/4.8.3/../../../../pic32mx/lib/./proc/32MX130F064B\processor.o
END GROUP
START GROUP
LOAD libmchp_peripheral.a
END GROUP
START GROUP
LOAD libmchp_peripheral_32MX130F064B.a
END GROUP
                0x00000001                PROVIDE (_vector_spacing, 0x1)
                0x9d00f000                PROVIDE (_ebase_address, 0x9d00f000)
                0xbfc00000                _RESET_ADDR = 0xbfc00000
                0xbfc00380                _BEV_EXCPT_ADDR = 0xbfc00380
                0xbfc00480                _DBG_EXCPT_ADDR = 0xbfc00480
                0x9fc00490                _DBG_CODE_ADDR = 0x9fc00490
                0x00000760                _DBG_CODE_SIZE = 0x760
                0x9d00f180                _GEN_EXCPT_ADDR = (_ebase_address + 0x180)

.config_BFC00BF0
                0xbfc00bf0        0x4
 *(.config_BFC00BF0)
 .config_BFC00BF0
                0xbfc00bf0        0x4 build/default/debug/_ext/1688732426/system_init.o

.config_BFC00BF4
                0xbfc00bf4        0x4
 *(.config_BFC00BF4)
 .config_BFC00BF4
                0xbfc00bf4        0x4 build/default/debug/_ext/1688732426/system_init.o

.config_BFC00BF8
                0xbfc00bf8        0x4
 *(.config_BFC00BF8)
 .config_BFC00BF8
                0xbfc00bf8        0x4 build/default/debug/_ext/1688732426/system_init.o

.config_BFC00BFC
                0xbfc00bfc        0x4
 *(.config_BFC00BFC)
 .config_BFC00BFC
                0xbfc00bfc        0x4 build/default/debug/_ext/1688732426/system_init.o
                0xbfc02000                PROVIDE (_DBG_CODE_ADDR, 0xbfc02000)
                0x00000ff0                PROVIDE (_DBG_CODE_SIZE, 0xff0)

.reset          0xbfc00000      0x178
 *(.reset)
 .reset         0xbfc00000        0x8 C:\Users\pd55xhr\AppData\Local\Temp\ccOONntQ.o
                0xbfc00000                _reset
 *(.reset.startup)
 .reset.startup
                0xbfc00008      0x170 C:\Users\pd55xhr\AppData\Local\Temp\ccOONntQ.o
                0xbfc00008                _startup

.bev_excpt      0xbfc00380       0x10
 *(.bev_handler)
 .bev_handler   0xbfc00380       0x10 C:\Users\pd55xhr\AppData\Local\Temp\ccOONntQ.o

.dbg_excpt      0xbfc00480        0x0
                0xbfc00480                . = (. + DEFINED (_DEBUGGER)?0x8:0x0)

.dbg_code       0x9fc00490        0x0
                0x9fc00490                . = (. + DEFINED (_DEBUGGER)?_DBG_CODE_SIZE:0x0)

.app_excpt      0x9d00f180       0x10
 *(.gen_handler)
 .gen_handler   0x9d00f180       0x10 C:\Users\pd55xhr\AppData\Local\Temp\ccOONntQ.o

.vector_0       0x9d00f200        0x8
 *(.vector_0)
 .vector_0      0x9d00f200        0x8 c:/program files/microchip/xc32/v2.50/bin/bin/../../lib/gcc/pic32mx/4.8.3/../../../../pic32mx/lib\libpic32.a(vector0.o)
                0x9d00f200                __vector_dispatch_0
                0x00000001                ASSERT (((_vector_spacing == 0x0) || (SIZEOF (.vector_0) <= (_vector_spacing << 0x5))), function at exception vector 0 too large)

.vector_1       0x9d00f220        0x8
 *(.vector_1)
 .vector_1      0x9d00f220        0x8 c:/program files/microchip/xc32/v2.50/bin/bin/../../lib/gcc/pic32mx/4.8.3/../../../../pic32mx/lib\libpic32.a(vector1.o)
                0x9d00f220                __vector_dispatch_1
                0x00000001                ASSERT (((_vector_spacing == 0x0) || (SIZEOF (.vector_1) <= (_vector_spacing << 0x5))), function at exception vector 1 too large)

.vector_2       0x9d00f240        0x8
 *(.vector_2)
 .vector_2      0x9d00f240        0x8 c:/program files/microchip/xc32/v2.50/bin/bin/../../lib/gcc/pic32mx/4.8.3/../../../../pic32mx/lib\libpic32.a(vector2.o)
                0x9d00f240                __vector_dispatch_2
                0x00000001                ASSERT (((_vector_spacing == 0x0) || (SIZEOF (.vector_2) <= (_vector_spacing << 0x5))), function at exception vector 2 too large)

.vector_3       0x9d00f260        0x8
 *(.vector_3)
 .vector_3      0x9d00f260        0x8 c:/program files/microchip/xc32/v2.50/bin/bin/../../lib/gcc/pic32mx/4.8.3/../../../../pic32mx/lib\libpic32.a(vector3.o)
                0x9d00f260                __vector_dispatch_3
                0x00000001                ASSERT (((_vector_spacing == 0x0) || (SIZEOF (.vector_3) <= (_vector_spacing << 0x5))), function at exception vector 3 too large)

.vector_4       0x9d00f280        0x8
 *(.vector_4)
 .vector_4      0x9d00f280        0x8 c:/program files/microchip/xc32/v2.50/bin/bin/../../lib/gcc/pic32mx/4.8.3/../../../../pic32mx/lib\libpic32.a(vector4.o)
                0x9d00f280                __vector_dispatch_4
                0x00000001                ASSERT (((_vector_spacing == 0x0) || (SIZEOF (.vector_4) <= (_vector_spacing << 0x5))), function at exception vector 4 too large)

.vector_5       0x9d00f2a0        0x8
 *(.vector_5)
 .vector_5      0x9d00f2a0        0x8 c:/program files/microchip/xc32/v2.50/bin/bin/../../lib/gcc/pic32mx/4.8.3/../../../../pic32mx/lib\libpic32.a(vector5.o)
                0x9d00f2a0                __vector_dispatch_5
                0x00000001                ASSERT (((_vector_spacing == 0x0) || (SIZEOF (.vector_5) <= (_vector_spacing << 0x5))), function at exception vector 5 too large)

.vector_6       0x9d00f2c0        0x8
 *(.vector_6)
 .vector_6      0x9d00f2c0        0x8 c:/program files/microchip/xc32/v2.50/bin/bin/../../lib/gcc/pic32mx/4.8.3/../../../../pic32mx/lib\libpic32.a(vector6.o)
                0x9d00f2c0                __vector_dispatch_6
                0x00000001                ASSERT (((_vector_spacing == 0x0) || (SIZEOF (.vector_6) <= (_vector_spacing << 0x5))), function at exception vector 6 too large)

.vector_7       0x9d00f2e0        0x8
 *(.vector_7)
 .vector_7      0x9d00f2e0        0x8 c:/program files/microchip/xc32/v2.50/bin/bin/../../lib/gcc/pic32mx/4.8.3/../../../../pic32mx/lib\libpic32.a(vector7.o)
                0x9d00f2e0                __vector_dispatch_7
                0x00000001                ASSERT (((_vector_spacing == 0x0) || (SIZEOF (.vector_7) <= (_vector_spacing << 0x5))), function at exception vector 7 too large)

.vector_8       0x9d00f300        0x8
 *(.vector_8)
 .vector_8      0x9d00f300        0x8 build/default/debug/_ext/1688732426/system_interrupt.o
                0x9d00f300                __vector_dispatch_8
                0x00000001                ASSERT (((_vector_spacing == 0x0) || (SIZEOF (.vector_8) <= (_vector_spacing << 0x5))), function at exception vector 8 too large)

.vector_9       0x9d00f320        0x8
 *(.vector_9)
 .vector_9      0x9d00f320        0x8 c:/program files/microchip/xc32/v2.50/bin/bin/../../lib/gcc/pic32mx/4.8.3/../../../../pic32mx/lib\libpic32.a(vector9.o)
                0x9d00f320                __vector_dispatch_9
                0x00000001                ASSERT (((_vector_spacing == 0x0) || (SIZEOF (.vector_9) <= (_vector_spacing << 0x5))), function at exception vector 9 too large)

.vector_10      0x9d00f340        0x8
 *(.vector_10)
 .vector_10     0x9d00f340        0x8 c:/program files/microchip/xc32/v2.50/bin/bin/../../lib/gcc/pic32mx/4.8.3/../../../../pic32mx/lib\libpic32.a(vector10.o)
                0x9d00f340                __vector_dispatch_10
                0x00000001                ASSERT (((_vector_spacing == 0x0) || (SIZEOF (.vector_10) <= (_vector_spacing << 0x5))), function at exception vector 10 too large)

.vector_11      0x9d00f360        0x8
 *(.vector_11)
 .vector_11     0x9d00f360        0x8 c:/program files/microchip/xc32/v2.50/bin/bin/../../lib/gcc/pic32mx/4.8.3/../../../../pic32mx/lib\libpic32.a(vector11.o)
                0x9d00f360                __vector_dispatch_11
                0x00000001                ASSERT (((_vector_spacing == 0x0) || (SIZEOF (.vector_11) <= (_vector_spacing << 0x5))), function at exception vector 11 too large)

.vector_12      0x9d00f380        0x8
 *(.vector_12)
 .vector_12     0x9d00f380        0x8 c:/program files/microchip/xc32/v2.50/bin/bin/../../lib/gcc/pic32mx/4.8.3/../../../../pic32mx/lib\libpic32.a(vector12.o)
                0x9d00f380                __vector_dispatch_12
                0x00000001                ASSERT (((_vector_spacing == 0x0) || (SIZEOF (.vector_12) <= (_vector_spacing << 0x5))), function at exception vector 12 too large)

.vector_13      0x9d00f3a0        0x8
 *(.vector_13)
 .vector_13     0x9d00f3a0        0x8 c:/program files/microchip/xc32/v2.50/bin/bin/../../lib/gcc/pic32mx/4.8.3/../../../../pic32mx/lib\libpic32.a(vector13.o)
                0x9d00f3a0                __vector_dispatch_13
                0x00000001                ASSERT (((_vector_spacing == 0x0) || (SIZEOF (.vector_13) <= (_vector_spacing << 0x5))), function at exception vector 13 too large)

.vector_14      0x9d00f3c0        0x8
 *(.vector_14)
 .vector_14     0x9d00f3c0        0x8 c:/program files/microchip/xc32/v2.50/bin/bin/../../lib/gcc/pic32mx/4.8.3/../../../../pic32mx/lib\libpic32.a(vector14.o)
                0x9d00f3c0                __vector_dispatch_14
                0x00000001                ASSERT (((_vector_spacing == 0x0) || (SIZEOF (.vector_14) <= (_vector_spacing << 0x5))), function at exception vector 14 too large)

.vector_15      0x9d00f3e0        0x8
 *(.vector_15)
 .vector_15     0x9d00f3e0        0x8 c:/program files/microchip/xc32/v2.50/bin/bin/../../lib/gcc/pic32mx/4.8.3/../../../../pic32mx/lib\libpic32.a(vector15.o)
                0x9d00f3e0                __vector_dispatch_15
                0x00000001                ASSERT (((_vector_spacing == 0x0) || (SIZEOF (.vector_15) <= (_vector_spacing << 0x5))), function at exception vector 15 too large)

.vector_16      0x9d00f400        0x8
 *(.vector_16)
 .vector_16     0x9d00f400        0x8 c:/program files/microchip/xc32/v2.50/bin/bin/../../lib/gcc/pic32mx/4.8.3/../../../../pic32mx/lib\libpic32.a(vector16.o)
                0x9d00f400                __vector_dispatch_16
                0x00000001                ASSERT (((_vector_spacing == 0x0) || (SIZEOF (.vector_16) <= (_vector_spacing << 0x5))), function at exception vector 16 too large)

.vector_17      0x9d00f420        0x8
 *(.vector_17)
 .vector_17     0x9d00f420        0x8 c:/program files/microchip/xc32/v2.50/bin/bin/../../lib/gcc/pic32mx/4.8.3/../../../../pic32mx/lib\libpic32.a(vector17.o)
                0x9d00f420                __vector_dispatch_17
                0x00000001                ASSERT (((_vector_spacing == 0x0) || (SIZEOF (.vector_17) <= (_vector_spacing << 0x5))), function at exception vector 17 too large)

.vector_18      0x9d00f440        0x8
 *(.vector_18)
 .vector_18     0x9d00f440        0x8 c:/program files/microchip/xc32/v2.50/bin/bin/../../lib/gcc/pic32mx/4.8.3/../../../../pic32mx/lib\libpic32.a(vector18.o)
                0x9d00f440                __vector_dispatch_18
                0x00000001                ASSERT (((_vector_spacing == 0x0) || (SIZEOF (.vector_18) <= (_vector_spacing << 0x5))), function at exception vector 18 too large)

.vector_19      0x9d00f460        0x8
 *(.vector_19)
 .vector_19     0x9d00f460        0x8 c:/program files/microchip/xc32/v2.50/bin/bin/../../lib/gcc/pic32mx/4.8.3/../../../../pic32mx/lib\libpic32.a(vector19.o)
                0x9d00f460                __vector_dispatch_19
                0x00000001                ASSERT (((_vector_spacing == 0x0) || (SIZEOF (.vector_19) <= (_vector_spacing << 0x5))), function at exception vector 19 too large)

.vector_20      0x9d00f480        0x8
 *(.vector_20)
 .vector_20     0x9d00f480        0x8 c:/program files/microchip/xc32/v2.50/bin/bin/../../lib/gcc/pic32mx/4.8.3/../../../../pic32mx/lib\libpic32.a(vector20.o)
                0x9d00f480                __vector_dispatch_20
                0x00000001                ASSERT (((_vector_spacing == 0x0) || (SIZEOF (.vector_20) <= (_vector_spacing << 0x5))), function at exception vector 20 too large)

.vector_21      0x9d00f4a0        0x8
 *(.vector_21)
 .vector_21     0x9d00f4a0        0x8 c:/program files/microchip/xc32/v2.50/bin/bin/../../lib/gcc/pic32mx/4.8.3/../../../../pic32mx/lib\libpic32.a(vector21.o)
                0x9d00f4a0                __vector_dispatch_21
                0x00000001                ASSERT (((_vector_spacing == 0x0) || (SIZEOF (.vector_21) <= (_vector_spacing << 0x5))), function at exception vector 21 too large)

.vector_22      0x9d00f4c0        0x8
 *(.vector_22)
 .vector_22     0x9d00f4c0        0x8 c:/program files/microchip/xc32/v2.50/bin/bin/../../lib/gcc/pic32mx/4.8.3/../../../../pic32mx/lib\libpic32.a(vector22.o)
                0x9d00f4c0                __vector_dispatch_22
                0x00000001                ASSERT (((_vector_spacing == 0x0) || (SIZEOF (.vector_22) <= (_vector_spacing << 0x5))), function at exception vector 22 too large)

.vector_23      0x9d00f4e0        0x8
 *(.vector_23)
 .vector_23     0x9d00f4e0        0x8 c:/program files/microchip/xc32/v2.50/bin/bin/../../lib/gcc/pic32mx/4.8.3/../../../../pic32mx/lib\libpic32.a(vector23.o)
                0x9d00f4e0                __vector_dispatch_23
                0x00000001                ASSERT (((_vector_spacing == 0x0) || (SIZEOF (.vector_23) <= (_vector_spacing << 0x5))), function at exception vector 23 too large)

.vector_24      0x9d00f500        0x8
 *(.vector_24)
 .vector_24     0x9d00f500        0x8 c:/program files/microchip/xc32/v2.50/bin/bin/../../lib/gcc/pic32mx/4.8.3/../../../../pic32mx/lib\libpic32.a(vector24.o)
                0x9d00f500                __vector_dispatch_24
                0x00000001                ASSERT (((_vector_spacing == 0x0) || (SIZEOF (.vector_24) <= (_vector_spacing << 0x5))), function at exception vector 24 too large)

.vector_25      0x9d00f520        0x8
 *(.vector_25)
 .vector_25     0x9d00f520        0x8 c:/program files/microchip/xc32/v2.50/bin/bin/../../lib/gcc/pic32mx/4.8.3/../../../../pic32mx/lib\libpic32.a(vector25.o)
                0x9d00f520                __vector_dispatch_25
                0x00000001                ASSERT (((_vector_spacing == 0x0) || (SIZEOF (.vector_25) <= (_vector_spacing << 0x5))), function at exception vector 25 too large)

.vector_26      0x9d00f540        0x8
 *(.vector_26)
 .vector_26     0x9d00f540        0x8 c:/program files/microchip/xc32/v2.50/bin/bin/../../lib/gcc/pic32mx/4.8.3/../../../../pic32mx/lib\libpic32.a(vector26.o)
                0x9d00f540                __vector_dispatch_26
                0x00000001                ASSERT (((_vector_spacing == 0x0) || (SIZEOF (.vector_26) <= (_vector_spacing << 0x5))), function at exception vector 26 too large)

.vector_27      0x9d00f560        0x8
 *(.vector_27)
 .vector_27     0x9d00f560        0x8 c:/program files/microchip/xc32/v2.50/bin/bin/../../lib/gcc/pic32mx/4.8.3/../../../../pic32mx/lib\libpic32.a(vector27.o)
                0x9d00f560                __vector_dispatch_27
                0x00000001                ASSERT (((_vector_spacing == 0x0) || (SIZEOF (.vector_27) <= (_vector_spacing << 0x5))), function at exception vector 27 too large)

.vector_28      0x9d00f580        0x8
 *(.vector_28)
 .vector_28     0x9d00f580        0x8 c:/program files/microchip/xc32/v2.50/bin/bin/../../lib/gcc/pic32mx/4.8.3/../../../../pic32mx/lib\libpic32.a(vector28.o)
                0x9d00f580                __vector_dispatch_28
                0x00000001                ASSERT (((_vector_spacing == 0x0) || (SIZEOF (.vector_28) <= (_vector_spacing << 0x5))), function at exception vector 28 too large)

.vector_29      0x9d00f5a0        0x8
 *(.vector_29)
 .vector_29     0x9d00f5a0        0x8 c:/program files/microchip/xc32/v2.50/bin/bin/../../lib/gcc/pic32mx/4.8.3/../../../../pic32mx/lib\libpic32.a(vector29.o)
                0x9d00f5a0                __vector_dispatch_29
                0x00000001                ASSERT (((_vector_spacing == 0x0) || (SIZEOF (.vector_29) <= (_vector_spacing << 0x5))), function at exception vector 29 too large)

.vector_30      0x9d00f5c0        0x8
 *(.vector_30)
 .vector_30     0x9d00f5c0        0x8 c:/program files/microchip/xc32/v2.50/bin/bin/../../lib/gcc/pic32mx/4.8.3/../../../../pic32mx/lib\libpic32.a(vector30.o)
                0x9d00f5c0                __vector_dispatch_30
                0x00000001                ASSERT (((_vector_spacing == 0x0) || (SIZEOF (.vector_30) <= (_vector_spacing << 0x5))), function at exception vector 30 too large)

.vector_31      0x9d00f5e0        0x8
 *(.vector_31)
 .vector_31     0x9d00f5e0        0x8 c:/program files/microchip/xc32/v2.50/bin/bin/../../lib/gcc/pic32mx/4.8.3/../../../../pic32mx/lib\libpic32.a(vector31.o)
                0x9d00f5e0                __vector_dispatch_31
                0x00000001                ASSERT (((_vector_spacing == 0x0) || (SIZEOF (.vector_31) <= (_vector_spacing << 0x5))), function at exception vector 31 too large)

.vector_32      0x9d00f600        0x8
 *(.vector_32)
 .vector_32     0x9d00f600        0x8 c:/program files/microchip/xc32/v2.50/bin/bin/../../lib/gcc/pic32mx/4.8.3/../../../../pic32mx/lib\libpic32.a(vector32.o)
                0x9d00f600                __vector_dispatch_32
                0x00000001                ASSERT (((_vector_spacing == 0x0) || (SIZEOF (.vector_32) <= (_vector_spacing << 0x5))), function at exception vector 32 too large)

.vector_33      0x9d00f620        0x8
 *(.vector_33)
 .vector_33     0x9d00f620        0x8 c:/program files/microchip/xc32/v2.50/bin/bin/../../lib/gcc/pic32mx/4.8.3/../../../../pic32mx/lib\libpic32.a(vector33.o)
                0x9d00f620                __vector_dispatch_33
                0x00000001                ASSERT (((_vector_spacing == 0x0) || (SIZEOF (.vector_33) <= (_vector_spacing << 0x5))), function at exception vector 33 too large)

.vector_34      0x9d00f640        0x8
 *(.vector_34)
 .vector_34     0x9d00f640        0x8 c:/program files/microchip/xc32/v2.50/bin/bin/../../lib/gcc/pic32mx/4.8.3/../../../../pic32mx/lib\libpic32.a(vector34.o)
                0x9d00f640                __vector_dispatch_34
                0x00000001                ASSERT (((_vector_spacing == 0x0) || (SIZEOF (.vector_34) <= (_vector_spacing << 0x5))), function at exception vector 34 too large)

.vector_35      0x9d00f660        0x8
 *(.vector_35)
 .vector_35     0x9d00f660        0x8 c:/program files/microchip/xc32/v2.50/bin/bin/../../lib/gcc/pic32mx/4.8.3/../../../../pic32mx/lib\libpic32.a(vector35.o)
                0x9d00f660                __vector_dispatch_35
                0x00000001                ASSERT (((_vector_spacing == 0x0) || (SIZEOF (.vector_35) <= (_vector_spacing << 0x5))), function at exception vector 35 too large)

.vector_36      0x9d00f680        0x8
 *(.vector_36)
 .vector_36     0x9d00f680        0x8 c:/program files/microchip/xc32/v2.50/bin/bin/../../lib/gcc/pic32mx/4.8.3/../../../../pic32mx/lib\libpic32.a(vector36.o)
                0x9d00f680                __vector_dispatch_36
                0x00000001                ASSERT (((_vector_spacing == 0x0) || (SIZEOF (.vector_36) <= (_vector_spacing << 0x5))), function at exception vector 36 too large)

.vector_37      0x9d00f6a0        0x8
 *(.vector_37)
 .vector_37     0x9d00f6a0        0x8 c:/program files/microchip/xc32/v2.50/bin/bin/../../lib/gcc/pic32mx/4.8.3/../../../../pic32mx/lib\libpic32.a(vector37.o)
                0x9d00f6a0                __vector_dispatch_37
                0x00000001                ASSERT (((_vector_spacing == 0x0) || (SIZEOF (.vector_37) <= (_vector_spacing << 0x5))), function at exception vector 37 too large)

.vector_38      0x9d00f6c0        0x8
 *(.vector_38)
 .vector_38     0x9d00f6c0        0x8 c:/program files/microchip/xc32/v2.50/bin/bin/../../lib/gcc/pic32mx/4.8.3/../../../../pic32mx/lib\libpic32.a(vector38.o)
                0x9d00f6c0                __vector_dispatch_38
                0x00000001                ASSERT (((_vector_spacing == 0x0) || (SIZEOF (.vector_38) <= (_vector_spacing << 0x5))), function at exception vector 38 too large)

.vector_39      0x9d00f6e0        0x8
 *(.vector_39)
 .vector_39     0x9d00f6e0        0x8 c:/program files/microchip/xc32/v2.50/bin/bin/../../lib/gcc/pic32mx/4.8.3/../../../../pic32mx/lib\libpic32.a(vector39.o)
                0x9d00f6e0                __vector_dispatch_39
                0x00000001                ASSERT (((_vector_spacing == 0x0) || (SIZEOF (.vector_39) <= (_vector_spacing << 0x5))), function at exception vector 39 too large)

.vector_40      0x9d00f700        0x8
 *(.vector_40)
 .vector_40     0x9d00f700        0x8 c:/program files/microchip/xc32/v2.50/bin/bin/../../lib/gcc/pic32mx/4.8.3/../../../../pic32mx/lib\libpic32.a(vector40.o)
                0x9d00f700                __vector_dispatch_40
                0x00000001                ASSERT (((_vector_spacing == 0x0) || (SIZEOF (.vector_40) <= (_vector_spacing << 0x5))), function at exception vector 40 too large)

.vector_41      0x9d00f720        0x8
 *(.vector_41)
 .vector_41     0x9d00f720        0x8 c:/program files/microchip/xc32/v2.50/bin/bin/../../lib/gcc/pic32mx/4.8.3/../../../../pic32mx/lib\libpic32.a(vector41.o)
                0x9d00f720                __vector_dispatch_41
                0x00000001                ASSERT (((_vector_spacing == 0x0) || (SIZEOF (.vector_41) <= (_vector_spacing << 0x5))), function at exception vector 41 too large)

.vector_42      0x9d00f740        0x8
 *(.vector_42)
 .vector_42     0x9d00f740        0x8 c:/program files/microchip/xc32/v2.50/bin/bin/../../lib/gcc/pic32mx/4.8.3/../../../../pic32mx/lib\libpic32.a(vector42.o)
                0x9d00f740                __vector_dispatch_42
                0x00000001                ASSERT (((_vector_spacing == 0x0) || (SIZEOF (.vector_42) <= (_vector_spacing << 0x5))), function at exception vector 42 too large)

.vector_43      0x9d00f760        0x8
 *(.vector_43)
 .vector_43     0x9d00f760        0x8 c:/program files/microchip/xc32/v2.50/bin/bin/../../lib/gcc/pic32mx/4.8.3/../../../../pic32mx/lib\libpic32.a(vector43.o)
                0x9d00f760                __vector_dispatch_43
                0x00000001                ASSERT (((_vector_spacing == 0x0) || (SIZEOF (.vector_43) <= (_vector_spacing << 0x5))), function at exception vector 43 too large)

.vector_44      0x9d00f780        0x0
 *(.vector_44)
                0x00000001                ASSERT (((_vector_spacing == 0x0) || (SIZEOF (.vector_44) <= (_vector_spacing << 0x5))), function at exception vector 44 too large)

.vector_45      0x9d00f7a0        0x0
 *(.vector_45)
                0x00000001                ASSERT (((_vector_spacing == 0x0) || (SIZEOF (.vector_45) <= (_vector_spacing << 0x5))), function at exception vector 45 too large)

.vector_46      0x9d00f7c0        0x0
 *(.vector_46)
                0x00000001                ASSERT (((_vector_spacing == 0x0) || (SIZEOF (.vector_46) <= (_vector_spacing << 0x5))), function at exception vector 46 too large)

.vector_47      0x9d00f7e0        0x0
 *(.vector_47)
                0x00000001                ASSERT (((_vector_spacing == 0x0) || (SIZEOF (.vector_47) <= (_vector_spacing << 0x5))), function at exception vector 47 too large)

.vector_48      0x9d00f800        0x0
 *(.vector_48)
                0x00000001                ASSERT (((_vector_spacing == 0x0) || (SIZEOF (.vector_48) <= (_vector_spacing << 0x5))), function at exception vector 48 too large)

.vector_49      0x9d00f820        0x0
 *(.vector_49)
                0x00000001                ASSERT (((_vector_spacing == 0x0) || (SIZEOF (.vector_49) <= (_vector_spacing << 0x5))), function at exception vector 49 too large)

.vector_50      0x9d00f840        0x0
 *(.vector_50)
                0x00000001                ASSERT (((_vector_spacing == 0x0) || (SIZEOF (.vector_50) <= (_vector_spacing << 0x5))), function at exception vector 50 too large)

.vector_51      0x9d00f860        0x0
 *(.vector_51)
                0x00000001                ASSERT (((_vector_spacing == 0x0) || (SIZEOF (.vector_51) <= (_vector_spacing << 0x5))), function at exception vector 51 too large)

.vector_52      0x9d00f880        0x0
 *(.vector_52)
                0x00000001                ASSERT (((_vector_spacing == 0x0) || (SIZEOF (.vector_52) <= (_vector_spacing << 0x5))), function at exception vector 52 too large)

.vector_53      0x9d00f8a0        0x0
 *(.vector_53)
                0x00000001                ASSERT (((_vector_spacing == 0x0) || (SIZEOF (.vector_53) <= (_vector_spacing << 0x5))), function at exception vector 53 too large)

.vector_54      0x9d00f8c0        0x0
 *(.vector_54)
                0x00000001                ASSERT (((_vector_spacing == 0x0) || (SIZEOF (.vector_54) <= (_vector_spacing << 0x5))), function at exception vector 54 too large)

.vector_55      0x9d00f8e0        0x0
 *(.vector_55)
                0x00000001                ASSERT (((_vector_spacing == 0x0) || (SIZEOF (.vector_55) <= (_vector_spacing << 0x5))), function at exception vector 55 too large)

.vector_56      0x9d00f900        0x0
 *(.vector_56)
                0x00000001                ASSERT (((_vector_spacing == 0x0) || (SIZEOF (.vector_56) <= (_vector_spacing << 0x5))), function at exception vector 56 too large)

.vector_57      0x9d00f920        0x0
 *(.vector_57)
                0x00000001                ASSERT (((_vector_spacing == 0x0) || (SIZEOF (.vector_57) <= (_vector_spacing << 0x5))), function at exception vector 57 too large)

.vector_58      0x9d00f940        0x0
 *(.vector_58)
                0x00000001                ASSERT (((_vector_spacing == 0x0) || (SIZEOF (.vector_58) <= (_vector_spacing << 0x5))), function at exception vector 58 too large)

.vector_59      0x9d00f960        0x0
 *(.vector_59)
                0x00000001                ASSERT (((_vector_spacing == 0x0) || (SIZEOF (.vector_59) <= (_vector_spacing << 0x5))), function at exception vector 59 too large)

.vector_60      0x9d00f980        0x0
 *(.vector_60)
                0x00000001                ASSERT (((_vector_spacing == 0x0) || (SIZEOF (.vector_60) <= (_vector_spacing << 0x5))), function at exception vector 60 too large)

.vector_61      0x9d00f9a0        0x0
 *(.vector_61)
                0x00000001                ASSERT (((_vector_spacing == 0x0) || (SIZEOF (.vector_61) <= (_vector_spacing << 0x5))), function at exception vector 61 too large)

.vector_62      0x9d00f9c0        0x0
 *(.vector_62)
                0x00000001                ASSERT (((_vector_spacing == 0x0) || (SIZEOF (.vector_62) <= (_vector_spacing << 0x5))), function at exception vector 62 too large)

.vector_63      0x9d00f9e0        0x0
 *(.vector_63)
                0x00000001                ASSERT (((_vector_spacing == 0x0) || (SIZEOF (.vector_63) <= (_vector_spacing << 0x5))), function at exception vector 63 too large)

.startup
 *(.startup)

.text           0x9d000000        0x0
 *(.stub .gnu.linkonce.t.*)
 *(.text.*personality*)
 *(.mips16.fn.*)
 *(.mips16.call.*)
 *(.gnu.warning)
                0x9d000000                . = ALIGN (0x4)

.init           0x9d000000        0x0
 *crti.o(.init)
 *crtbegin.o(.init)
 *(EXCLUDE_FILE(*crtn.o *crtend?.o *crtend.o) .init)
 *crtend.o(.init)
 *crtn.o(.init)
                0x9d000000                . = ALIGN (0x4)

.fini           0x9d000000        0x0
 *(.fini)
                0x9d000000                . = ALIGN (0x4)

.preinit_array  0x9d000000        0x0
                0x9d000000                PROVIDE (__preinit_array_start, .)
 *(.preinit_array)
                0x9d000000                PROVIDE (__preinit_array_end, .)
                0x9d000000                . = ALIGN (0x4)

.init_array     0x9d000000        0x0
                0x9d000000                PROVIDE (__init_array_start, .)
 *(SORT(.init_array.*))
 *(.init_array)
                0x9d000000                PROVIDE (__init_array_end, .)
                0x9d000000                . = ALIGN (0x4)

.fini_array     0x9d000000        0x0
                0x9d000000                PROVIDE (__fini_array_start, .)
 *(SORT(.fini_array.*))
 *(.fini_array)
                0x9d000000                PROVIDE (__fini_array_end, .)
                0x9d000000                . = ALIGN (0x4)

.ctors          0x9d000000        0x0
 *crtbegin.o(.ctors)
 *crtbegin?.o(.ctors)
 *(EXCLUDE_FILE(*crtend?.o *crtend.o) .ctors)
 *(SORT(.ctors.*))
 *(.ctors)
                0x9d000000                . = ALIGN (0x4)

.dtors          0x9d000000        0x0
 *crtbegin.o(.dtors)
 *crtbegin?.o(.dtors)
 *(EXCLUDE_FILE(*crtend?.o *crtend.o) .dtors)
 *(SORT(.dtors.*))
 *(.dtors)
                0x9d000000                . = ALIGN (0x4)

.rodata         0x9d000000        0x0
 *(.gnu.linkonce.r.*)
 *(.rodata1)
                0x9d000000                . = ALIGN (0x4)

.sdata2         0x9fc00490        0x0
 *(.sdata2 .sdata2.* .gnu.linkonce.s2.*)
                0x9fc00490                . = ALIGN (0x4)

.sbss2          0x9fc00490        0x0
 *(.sbss2 .sbss2.* .gnu.linkonce.sb2.*)
                0x9fc00490                . = ALIGN (0x4)

.eh_frame_hdr
 *(.eh_frame_hdr)
                0x9fc00490                . = ALIGN (0x4)

.eh_frame
 *(.eh_frame)
                0x9fc00490                . = ALIGN (0x4)

.gcc_except_table
 *(.gcc_except_table .gcc_except_table.*)
                0x9fc00490                . = ALIGN (0x4)

.dbg_data       0xa0000200        0x0
                0xa0000200                . = (. + DEFINED (_DEBUGGER)?0x200:0x0)

.jcr            0xa0000200        0x0
 *(.jcr)
                0xa0000200                . = ALIGN (0x4)

.eh_frame
 *(.eh_frame)
                0xa0000200                . = ALIGN (0x4)

.gcc_except_table
 *(.gcc_except_table .gcc_except_table.*)
                0xa0000200                . = ALIGN (0x4)

.persist        0xa0000200        0x0
                0xa0000200                _persist_begin = .
 *(.persist .persist.*)
 *(.pbss .pbss.*)
                0xa0000200                . = ALIGN (0x4)
                0xa0000200                _persist_end = .

.data           0xa0000200        0x0
 *(.gnu.linkonce.d.*)
 *(.data1)
                0xa0000200                . = ALIGN (0x4)
                0xa0000200                . = .
                0xa00081f0                _gp = (ALIGN (0x10) + 0x7ff0)

.got            0xa0000200        0x0
 *(.got.plt)
 *(.got)
                0xa0000200                . = ALIGN (0x4)

.sdata          0xa0000200       0x10
                0xa0000200                _sdata_begin = .
 *(.sdata .sdata.* .gnu.linkonce.s.*)
 .sdata         0xa0000200       0x10 build/default/debug/_ext/1360937237/app.o
                0xa0000200                Ki
                0xa0000204                Kp
                0xa0000208                Consigne
                0xa000020c                Temps_ADC
                0xa0000210                . = ALIGN (0x4)
                0xa0000210                _sdata_end = .

.lit8
 *(.lit8)

.lit4
 *(.lit4)
                0xa0000210                . = ALIGN (0x4)
                0xa0000210                _data_end = .
                0xa0000210                _bss_begin = .

.sbss           0xa0000210       0x64
                0xa0000210                _sbss_begin = .
 *(.dynsbss)
 *(.sbss .sbss.* .gnu.linkonce.sb.*)
 .sbss          0xa0000210        0x1 build/default/debug/_ext/1407244131/drv_tmr_static.o
 *fill*         0xa0000211        0x3 
 .sbss          0xa0000214        0xc build/default/debug/_ext/1688732426/system_exceptions.o
 .sbss          0xa0000220       0x20 build/default/debug/_ext/1360937237/app.o
                0xa0000220                Value_PWM
                0xa0000224                Wait_AfterOverCurent
                0xa0000228                OverCurent
                0xa000022c                Ui_k_1
                0xa0000230                Ui_k
                0xa0000234                Up_k
                0xa0000238                Courant
                0xa000023c                Tension
 .sbss          0xa0000240        0x4 build/default/debug/_ext/475095144/drv_i2c.o
 *(.scommon)
 .scommon       0xa0000244        0x8 build/default/debug/_ext/340578644/sys_devcon.o
                0xa0000244                sysDevconObj
 .scommon       0xa000024c        0x8 build/default/debug/_ext/1688732426/system_init.o
                0xa000024c                sysObj
 .scommon       0xa0000254       0x10 build/default/debug/_ext/1360937237/app.o
                0xa0000254                Value_ADC
                0xa0000258                appData
                0xa000025c                erreurk
                0xa0000260                Uk
 .scommon       0xa0000264        0x8 build/default/debug/_ext/1360937237/Mc32_I2cUtilCCS.o
                0xa0000264                I2cBrg
                0xa0000268                I2cConReg
 .scommon       0xa000026c        0x7 build/default/debug/_ext/475095144/drv_i2c.o
                0xa000026c                starttime
                0xa0000270                gDrvI2CCommonDataObj
                0xa0000273                _sbss_end = .
                0xa0000274                . = ALIGN (0x4)
 *fill*         0xa0000273        0x1 

.bss            0xa0000274        0x0
 *(.dynbss)
 *(COMMON)
                0xa0000274                . = ALIGN ((. != 0x0)?0x4:0x1)
                0xa0000274                . = ALIGN (0x4)
                0xa0000274                _end = .
                0xa0000274                _bss_end = .
                0x00004000                _bmxdudba_address = 0x4000
                0x00004000                _bmxdupba_address = 0x4000

/DISCARD/
 *(.pdr)
 *(.rel.dyn)
 *(.note.GNU-stack)
 *(.note.GNU-stack)
 *(.gnu_debuglink)
 *(.gnu.lto_*)
 *(.discard)

.gptab.sdata
 *(.gptab.data)
 *(.gptab.sdata)

.gptab.sbss
 *(.gptab.bss)
 *(.gptab.sbss)

.mdebug.abi32   0xa0000274        0x0
 *(.mdebug.abi32)
 .mdebug.abi32  0xa0000274        0x0 c:/program files/microchip/xc32/v2.50/bin/bin/../../lib/gcc/pic32mx/4.8.3/../../../../pic32mx/lib\software-debug-break.o
 .mdebug.abi32  0xa0000274        0x0 build/default/debug/_ext/1361460060/drv_adc_static.o
 .mdebug.abi32  0xa0000274        0x0 build/default/debug/_ext/1047219354/drv_oc_mapping.o
 .mdebug.abi32  0xa0000274        0x0 build/default/debug/_ext/1047219354/drv_oc_static.o
 .mdebug.abi32  0xa0000274        0x0 build/default/debug/_ext/1407244131/drv_tmr_static.o
 .mdebug.abi32  0xa0000274        0x0 build/default/debug/_ext/1407244131/drv_tmr_mapping.o
 .mdebug.abi32  0xa0000274        0x0 build/default/debug/_ext/639803181/sys_clk_pic32mx.o
 .mdebug.abi32  0xa0000274        0x0 build/default/debug/_ext/340578644/sys_devcon.o
 .mdebug.abi32  0xa0000274        0x0 build/default/debug/_ext/340578644/sys_devcon_pic32mx.o
 .mdebug.abi32  0xa0000274        0x0 build/default/debug/_ext/822048611/sys_ports_static.o
 .mdebug.abi32  0xa0000274        0x0 build/default/debug/_ext/1688732426/system_init.o
 .mdebug.abi32  0xa0000274        0x0 build/default/debug/_ext/1688732426/system_interrupt.o
 .mdebug.abi32  0xa0000274        0x0 build/default/debug/_ext/1688732426/system_exceptions.o
 .mdebug.abi32  0xa0000274        0x0 build/default/debug/_ext/1688732426/system_tasks.o
 .mdebug.abi32  0xa0000274        0x0 build/default/debug/_ext/1360937237/app.o
 .mdebug.abi32  0xa0000274        0x0 build/default/debug/_ext/1360937237/main.o
 .mdebug.abi32  0xa0000274        0x0 build/default/debug/_ext/1360937237/Mc32DriverAdc.o
 .mdebug.abi32  0xa0000274        0x0 build/default/debug/_ext/1360937237/Mc32_I2cUtilCCS.o
 .mdebug.abi32  0xa0000274        0x0 build/default/debug/_ext/475095144/drv_i2c.o
 .mdebug.abi32  0xa0000274        0x0 build/default/debug/_ext/475095144/drv_i2c_forced.o
 .mdebug.abi32  0xa0000274        0x0 build/default/debug/_ext/1042686532/sys_int_pic32.o
 .mdebug.abi32  0xa0000274        0x0 c:/program files/microchip/xc32/v2.50/bin/bin/../../lib/gcc/pic32mx/4.8.3/../../../../pic32mx/lib\libpic32.a(default-bootstrap-exception-handler.o)
 .mdebug.abi32  0xa0000274        0x0 c:/program files/microchip/xc32/v2.50/bin/bin/../../lib/gcc/pic32mx/4.8.3/../../../../pic32mx/lib\libpic32.a(default-on-reset.o)
 .mdebug.abi32  0xa0000274        0x0 c:/program files/microchip/xc32/v2.50/bin/bin/../../lib/gcc/pic32mx/4.8.3/../../../../pic32mx/lib\libpic32.a(default-on-bootstrap.o)
 .mdebug.abi32  0xa0000274        0x0 c:/program files/microchip/xc32/v2.50/bin/bin/../../lib/gcc/pic32mx/4.8.3/../../../../pic32mx/lib\libpic32.a(defaultinterrupt.o)

.mdebug.abiN32
 *(.mdebug.abiN32)

.mdebug.abi64
 *(.mdebug.abi64)

.mdebug.abiO64
 *(.mdebug.abiO64)

.mdebug.eabi32
 *(.mdebug.eabi32)

.mdebug.eabi64
 *(.mdebug.eabi64)

.gcc_compiled_long32
 *(.gcc_compiled_long32)

.gcc_compiled_long64
 *(.gcc_compiled_long64)

.stab
 *(.stab)

.stabstr
 *(.stabstr)

.stab.excl
 *(.stab.excl)

.stab.exclstr
 *(.stab.exclstr)

.stab.index
 *(.stab.index)

.stab.indexstr
 *(.stab.indexstr)

.comment        0x00000000       0x3c
 *(.comment)
 .comment       0x00000000       0x3c c:/program files/microchip/xc32/v2.50/bin/bin/../../lib/gcc/pic32mx/4.8.3/../../../../pic32mx/lib\software-debug-break.o
                                 0x3d (size before relaxing)
 .comment       0x00000000       0x3d build/default/debug/_ext/1361460060/drv_adc_static.o
 .comment       0x00000000       0x3d build/default/debug/_ext/1047219354/drv_oc_mapping.o
 .comment       0x00000000       0x3d build/default/debug/_ext/1047219354/drv_oc_static.o
 .comment       0x00000000       0x3d build/default/debug/_ext/1407244131/drv_tmr_static.o
 .comment       0x00000000       0x3d build/default/debug/_ext/1407244131/drv_tmr_mapping.o
 .comment       0x00000000       0x3d build/default/debug/_ext/639803181/sys_clk_pic32mx.o
 .comment       0x00000000       0x3d build/default/debug/_ext/340578644/sys_devcon.o
 .comment       0x00000000       0x3d build/default/debug/_ext/340578644/sys_devcon_pic32mx.o
 .comment       0x00000000       0x3d build/default/debug/_ext/822048611/sys_ports_static.o
 .comment       0x00000000       0x3d build/default/debug/_ext/1688732426/system_init.o
 .comment       0x00000000       0x3d build/default/debug/_ext/1688732426/system_interrupt.o
 .comment       0x00000000       0x3d build/default/debug/_ext/1688732426/system_exceptions.o
 .comment       0x00000000       0x3d build/default/debug/_ext/1688732426/system_tasks.o
 .comment       0x00000000       0x3d build/default/debug/_ext/1360937237/app.o
 .comment       0x00000000       0x3d build/default/debug/_ext/1360937237/main.o
 .comment       0x00000000       0x3d build/default/debug/_ext/1360937237/Mc32DriverAdc.o
 .comment       0x00000000       0x3d build/default/debug/_ext/1360937237/Mc32_I2cUtilCCS.o
 .comment       0x00000000       0x3d build/default/debug/_ext/475095144/drv_i2c.o
 .comment       0x00000000       0x3d build/default/debug/_ext/475095144/drv_i2c_forced.o
 .comment       0x00000000       0x3d build/default/debug/_ext/1042686532/sys_int_pic32.o
 .comment       0x00000000       0x3d c:/program files/microchip/xc32/v2.50/bin/bin/../../lib/gcc/pic32mx/4.8.3/../../../../pic32mx/lib\libpic32.a(default-bootstrap-exception-handler.o)
 .comment       0x00000000       0x3d c:/program files/microchip/xc32/v2.50/bin/bin/../../lib/gcc/pic32mx/4.8.3/../../../../pic32mx/lib\libpic32.a(default-on-reset.o)
 .comment       0x00000000       0x3d c:/program files/microchip/xc32/v2.50/bin/bin/../../lib/gcc/pic32mx/4.8.3/../../../../pic32mx/lib\libpic32.a(default-on-bootstrap.o)
 .comment       0x00000000       0x3d c:/program files/microchip/xc32/v2.50/bin/bin/../../lib/gcc/pic32mx/4.8.3/../../../../pic32mx/lib\libpic32.a(defaultinterrupt.o)

.debug
 *(.debug)

.line
 *(.line)

.debug_srcinfo
 *(.debug_srcinfo)

.debug_sfnames
 *(.debug_sfnames)

.debug_aranges  0x00000000      0x850
 *(.debug_aranges)
 .debug_aranges
                0x00000000       0x20 c:/program files/microchip/xc32/v2.50/bin/bin/../../lib/gcc/pic32mx/4.8.3/../../../../pic32mx/lib\software-debug-break.o
 .debug_aranges
                0x00000020       0x78 build/default/debug/_ext/1361460060/drv_adc_static.o
 .debug_aranges
                0x00000098       0x50 build/default/debug/_ext/1047219354/drv_oc_mapping.o
 .debug_aranges
                0x000000e8       0x50 build/default/debug/_ext/1047219354/drv_oc_static.o
 .debug_aranges
                0x00000138       0x90 build/default/debug/_ext/1407244131/drv_tmr_static.o
 .debug_aranges
                0x000001c8       0xe8 build/default/debug/_ext/1407244131/drv_tmr_mapping.o
 .debug_aranges
                0x000002b0       0x50 build/default/debug/_ext/639803181/sys_clk_pic32mx.o
 .debug_aranges
                0x00000300       0x78 build/default/debug/_ext/340578644/sys_devcon.o
 .debug_aranges
                0x00000378       0x20 build/default/debug/_ext/340578644/sys_devcon_pic32mx.o
 .debug_aranges
                0x00000398      0x148 build/default/debug/_ext/822048611/sys_ports_static.o
 .debug_aranges
                0x000004e0       0x20 build/default/debug/_ext/1688732426/system_init.o
 .debug_aranges
                0x00000500       0x20 build/default/debug/_ext/1688732426/system_interrupt.o
 .debug_aranges
                0x00000520       0x20 build/default/debug/_ext/1688732426/system_exceptions.o
 .debug_aranges
                0x00000540       0x20 build/default/debug/_ext/1688732426/system_tasks.o
 .debug_aranges
                0x00000560       0x30 build/default/debug/_ext/1360937237/app.o
 .debug_aranges
                0x00000590       0x20 build/default/debug/_ext/1360937237/main.o
 .debug_aranges
                0x000005b0       0x28 build/default/debug/_ext/1360937237/Mc32DriverAdc.o
 .debug_aranges
                0x000005d8       0x48 build/default/debug/_ext/1360937237/Mc32_I2cUtilCCS.o
 .debug_aranges
                0x00000620      0x108 build/default/debug/_ext/475095144/drv_i2c.o
 .debug_aranges
                0x00000728       0x20 build/default/debug/_ext/475095144/drv_i2c_forced.o
 .debug_aranges
                0x00000748       0x48 build/default/debug/_ext/1042686532/sys_int_pic32.o
 .debug_aranges
                0x00000790       0x40 C:\Users\pd55xhr\AppData\Local\Temp\ccOONntQ.o
 .debug_aranges
                0x000007d0       0x20 c:/program files/microchip/xc32/v2.50/bin/bin/../../lib/gcc/pic32mx/4.8.3/../../../../pic32mx/lib\libpic32.a(default-bootstrap-exception-handler.o)
 .debug_aranges
                0x000007f0       0x20 c:/program files/microchip/xc32/v2.50/bin/bin/../../lib/gcc/pic32mx/4.8.3/../../../../pic32mx/lib\libpic32.a(default-on-reset.o)
 .debug_aranges
                0x00000810       0x20 c:/program files/microchip/xc32/v2.50/bin/bin/../../lib/gcc/pic32mx/4.8.3/../../../../pic32mx/lib\libpic32.a(default-on-bootstrap.o)
 .debug_aranges
                0x00000830       0x20 c:/program files/microchip/xc32/v2.50/bin/bin/../../lib/gcc/pic32mx/4.8.3/../../../../pic32mx/lib\libpic32.a(defaultinterrupt.o)

.debug_pubnames
 *(.debug_pubnames)

.debug_info     0x00000000    0x2bb37
 *(.debug_info .gnu.linkonce.wi.*)
 .debug_info    0x00000000       0xe3 c:/program files/microchip/xc32/v2.50/bin/bin/../../lib/gcc/pic32mx/4.8.3/../../../../pic32mx/lib\software-debug-break.o
 .debug_info    0x000000e3     0x2cfa build/default/debug/_ext/1361460060/drv_adc_static.o
 .debug_info    0x00002ddd     0x100f build/default/debug/_ext/1047219354/drv_oc_mapping.o
 .debug_info    0x00003dec      0xe75 build/default/debug/_ext/1047219354/drv_oc_static.o
 .debug_info    0x00004c61     0x3a27 build/default/debug/_ext/1407244131/drv_tmr_static.o
 .debug_info    0x00008688     0x19ea build/default/debug/_ext/1407244131/drv_tmr_mapping.o
 .debug_info    0x0000a072     0x18aa build/default/debug/_ext/639803181/sys_clk_pic32mx.o
 .debug_info    0x0000b91c     0x1665 build/default/debug/_ext/340578644/sys_devcon.o
 .debug_info    0x0000cf81     0x107a build/default/debug/_ext/340578644/sys_devcon_pic32mx.o
 .debug_info    0x0000dffb     0x403b build/default/debug/_ext/822048611/sys_ports_static.o
 .debug_info    0x00012036     0x273b build/default/debug/_ext/1688732426/system_init.o
 .debug_info    0x00014771     0x13ba build/default/debug/_ext/1688732426/system_interrupt.o
 .debug_info    0x00015b2b     0x13ec build/default/debug/_ext/1688732426/system_exceptions.o
 .debug_info    0x00016f17      0xc13 build/default/debug/_ext/1688732426/system_tasks.o
 .debug_info    0x00017b2a     0x19d9 build/default/debug/_ext/1360937237/app.o
 .debug_info    0x00019503      0x1b3 build/default/debug/_ext/1360937237/main.o
 .debug_info    0x000196b6     0x2370 build/default/debug/_ext/1360937237/Mc32DriverAdc.o
 .debug_info    0x0001ba26     0x3635 build/default/debug/_ext/1360937237/Mc32_I2cUtilCCS.o
 .debug_info    0x0001f05b     0x87ff build/default/debug/_ext/475095144/drv_i2c.o
 .debug_info    0x0002785a     0x2d80 build/default/debug/_ext/475095144/drv_i2c_forced.o
 .debug_info    0x0002a5da     0x110f build/default/debug/_ext/1042686532/sys_int_pic32.o
 .debug_info    0x0002b6e9       0xd1 C:\Users\pd55xhr\AppData\Local\Temp\ccOONntQ.o
 .debug_info    0x0002b7ba       0xf4 c:/program files/microchip/xc32/v2.50/bin/bin/../../lib/gcc/pic32mx/4.8.3/../../../../pic32mx/lib\libpic32.a(default-bootstrap-exception-handler.o)
 .debug_info    0x0002b8ae       0xcd c:/program files/microchip/xc32/v2.50/bin/bin/../../lib/gcc/pic32mx/4.8.3/../../../../pic32mx/lib\libpic32.a(default-on-reset.o)
 .debug_info    0x0002b97b       0xd5 c:/program files/microchip/xc32/v2.50/bin/bin/../../lib/gcc/pic32mx/4.8.3/../../../../pic32mx/lib\libpic32.a(default-on-bootstrap.o)
 .debug_info    0x0002ba50       0xe7 c:/program files/microchip/xc32/v2.50/bin/bin/../../lib/gcc/pic32mx/4.8.3/../../../../pic32mx/lib\libpic32.a(defaultinterrupt.o)

.debug_abbrev   0x00000000     0x2e5e
 *(.debug_abbrev)
 .debug_abbrev  0x00000000       0x28 c:/program files/microchip/xc32/v2.50/bin/bin/../../lib/gcc/pic32mx/4.8.3/../../../../pic32mx/lib\software-debug-break.o
 .debug_abbrev  0x00000028      0x25d build/default/debug/_ext/1361460060/drv_adc_static.o
 .debug_abbrev  0x00000285      0x1cb build/default/debug/_ext/1047219354/drv_oc_mapping.o
 .debug_abbrev  0x00000450      0x1af build/default/debug/_ext/1047219354/drv_oc_static.o
 .debug_abbrev  0x000005ff      0x3c2 build/default/debug/_ext/1407244131/drv_tmr_static.o
 .debug_abbrev  0x000009c1      0x329 build/default/debug/_ext/1407244131/drv_tmr_mapping.o
 .debug_abbrev  0x00000cea      0x26b build/default/debug/_ext/639803181/sys_clk_pic32mx.o
 .debug_abbrev  0x00000f55      0x2d4 build/default/debug/_ext/340578644/sys_devcon.o
 .debug_abbrev  0x00001229      0x204 build/default/debug/_ext/340578644/sys_devcon_pic32mx.o
 .debug_abbrev  0x0000142d      0x28f build/default/debug/_ext/822048611/sys_ports_static.o
 .debug_abbrev  0x000016bc      0x1fd build/default/debug/_ext/1688732426/system_init.o
 .debug_abbrev  0x000018b9      0x18b build/default/debug/_ext/1688732426/system_interrupt.o
 .debug_abbrev  0x00001a44       0xfc build/default/debug/_ext/1688732426/system_exceptions.o
 .debug_abbrev  0x00001b40      0x11a build/default/debug/_ext/1688732426/system_tasks.o
 .debug_abbrev  0x00001c5a      0x23c build/default/debug/_ext/1360937237/app.o
 .debug_abbrev  0x00001e96       0x93 build/default/debug/_ext/1360937237/main.o
 .debug_abbrev  0x00001f29      0x21b build/default/debug/_ext/1360937237/Mc32DriverAdc.o
 .debug_abbrev  0x00002144      0x2bd build/default/debug/_ext/1360937237/Mc32_I2cUtilCCS.o
 .debug_abbrev  0x00002401      0x4c9 build/default/debug/_ext/475095144/drv_i2c.o
 .debug_abbrev  0x000028ca      0x291 build/default/debug/_ext/475095144/drv_i2c_forced.o
 .debug_abbrev  0x00002b5b      0x251 build/default/debug/_ext/1042686532/sys_int_pic32.o
 .debug_abbrev  0x00002dac       0x12 C:\Users\pd55xhr\AppData\Local\Temp\ccOONntQ.o
 .debug_abbrev  0x00002dbe       0x28 c:/program files/microchip/xc32/v2.50/bin/bin/../../lib/gcc/pic32mx/4.8.3/../../../../pic32mx/lib\libpic32.a(default-bootstrap-exception-handler.o)
 .debug_abbrev  0x00002de6       0x28 c:/program files/microchip/xc32/v2.50/bin/bin/../../lib/gcc/pic32mx/4.8.3/../../../../pic32mx/lib\libpic32.a(default-on-reset.o)
 .debug_abbrev  0x00002e0e       0x28 c:/program files/microchip/xc32/v2.50/bin/bin/../../lib/gcc/pic32mx/4.8.3/../../../../pic32mx/lib\libpic32.a(default-on-bootstrap.o)
 .debug_abbrev  0x00002e36       0x28 c:/program files/microchip/xc32/v2.50/bin/bin/../../lib/gcc/pic32mx/4.8.3/../../../../pic32mx/lib\libpic32.a(defaultinterrupt.o)

.debug_line     0x00000000     0x6e61
 *(.debug_line)
 .debug_line    0x00000000       0x99 c:/program files/microchip/xc32/v2.50/bin/bin/../../lib/gcc/pic32mx/4.8.3/../../../../pic32mx/lib\software-debug-break.o
 .debug_line    0x00000099      0x630 build/default/debug/_ext/1361460060/drv_adc_static.o
 .debug_line    0x000006c9      0x2e6 build/default/debug/_ext/1047219354/drv_oc_mapping.o
 .debug_line    0x000009af      0x36f build/default/debug/_ext/1047219354/drv_oc_static.o
 .debug_line    0x00000d1e      0x6ba build/default/debug/_ext/1407244131/drv_tmr_static.o
 .debug_line    0x000013d8      0x521 build/default/debug/_ext/1407244131/drv_tmr_mapping.o
 .debug_line    0x000018f9      0x474 build/default/debug/_ext/639803181/sys_clk_pic32mx.o
 .debug_line    0x00001d6d      0x61d build/default/debug/_ext/340578644/sys_devcon.o
 .debug_line    0x0000238a      0x38d build/default/debug/_ext/340578644/sys_devcon_pic32mx.o
 .debug_line    0x00002717      0x913 build/default/debug/_ext/822048611/sys_ports_static.o
 .debug_line    0x0000302a      0x6ba build/default/debug/_ext/1688732426/system_init.o
 .debug_line    0x000036e4      0x25c build/default/debug/_ext/1688732426/system_interrupt.o
 .debug_line    0x00003940      0x1ec build/default/debug/_ext/1688732426/system_exceptions.o
 .debug_line    0x00003b2c      0x232 build/default/debug/_ext/1688732426/system_tasks.o
 .debug_line    0x00003d5e      0x3fa build/default/debug/_ext/1360937237/app.o
 .debug_line    0x00004158       0xbc build/default/debug/_ext/1360937237/main.o
 .debug_line    0x00004214      0x499 build/default/debug/_ext/1360937237/Mc32DriverAdc.o
 .debug_line    0x000046ad      0x77c build/default/debug/_ext/1360937237/Mc32_I2cUtilCCS.o
 .debug_line    0x00004e29     0x148c build/default/debug/_ext/475095144/drv_i2c.o
 .debug_line    0x000062b5      0x50d build/default/debug/_ext/475095144/drv_i2c_forced.o
 .debug_line    0x000067c2      0x2e3 build/default/debug/_ext/1042686532/sys_int_pic32.o
 .debug_line    0x00006aa5      0x147 C:\Users\pd55xhr\AppData\Local\Temp\ccOONntQ.o
 .debug_line    0x00006bec       0xa6 c:/program files/microchip/xc32/v2.50/bin/bin/../../lib/gcc/pic32mx/4.8.3/../../../../pic32mx/lib\libpic32.a(default-bootstrap-exception-handler.o)
 .debug_line    0x00006c92       0x93 c:/program files/microchip/xc32/v2.50/bin/bin/../../lib/gcc/pic32mx/4.8.3/../../../../pic32mx/lib\libpic32.a(default-on-reset.o)
 .debug_line    0x00006d25       0x97 c:/program files/microchip/xc32/v2.50/bin/bin/../../lib/gcc/pic32mx/4.8.3/../../../../pic32mx/lib\libpic32.a(default-on-bootstrap.o)
 .debug_line    0x00006dbc       0xa5 c:/program files/microchip/xc32/v2.50/bin/bin/../../lib/gcc/pic32mx/4.8.3/../../../../pic32mx/lib\libpic32.a(defaultinterrupt.o)

.debug_frame    0x00000000     0x1064
 *(.debug_frame)
 .debug_frame   0x00000000       0x20 c:/program files/microchip/xc32/v2.50/bin/bin/../../lib/gcc/pic32mx/4.8.3/../../../../pic32mx/lib\software-debug-break.o
 .debug_frame   0x00000020       0xd0 build/default/debug/_ext/1361460060/drv_adc_static.o
 .debug_frame   0x000000f0       0xd4 build/default/debug/_ext/1047219354/drv_oc_mapping.o
 .debug_frame   0x000001c4       0x80 build/default/debug/_ext/1047219354/drv_oc_static.o
 .debug_frame   0x00000244      0x10c build/default/debug/_ext/1407244131/drv_tmr_static.o
 .debug_frame   0x00000350      0x28c build/default/debug/_ext/1407244131/drv_tmr_mapping.o
 .debug_frame   0x000005dc       0xa4 build/default/debug/_ext/639803181/sys_clk_pic32mx.o
 .debug_frame   0x00000680       0xf4 build/default/debug/_ext/340578644/sys_devcon.o
 .debug_frame   0x00000774       0x2c build/default/debug/_ext/340578644/sys_devcon_pic32mx.o
 .debug_frame   0x000007a0      0x270 build/default/debug/_ext/822048611/sys_ports_static.o
 .debug_frame   0x00000a10       0x2c build/default/debug/_ext/1688732426/system_init.o
 .debug_frame   0x00000a3c       0x68 build/default/debug/_ext/1688732426/system_interrupt.o
 .debug_frame   0x00000aa4       0x28 build/default/debug/_ext/1688732426/system_exceptions.o
 .debug_frame   0x00000acc       0x2c build/default/debug/_ext/1688732426/system_tasks.o
 .debug_frame   0x00000af8       0x54 build/default/debug/_ext/1360937237/app.o
 .debug_frame   0x00000b4c       0x28 build/default/debug/_ext/1360937237/main.o
 .debug_frame   0x00000b74       0x30 build/default/debug/_ext/1360937237/Mc32DriverAdc.o
 .debug_frame   0x00000ba4       0x7c build/default/debug/_ext/1360937237/Mc32_I2cUtilCCS.o
 .debug_frame   0x00000c20      0x2e0 build/default/debug/_ext/475095144/drv_i2c.o
 .debug_frame   0x00000f00       0x38 build/default/debug/_ext/475095144/drv_i2c_forced.o
 .debug_frame   0x00000f38       0xa0 build/default/debug/_ext/1042686532/sys_int_pic32.o
 .debug_frame   0x00000fd8       0x2c c:/program files/microchip/xc32/v2.50/bin/bin/../../lib/gcc/pic32mx/4.8.3/../../../../pic32mx/lib\libpic32.a(default-bootstrap-exception-handler.o)
 .debug_frame   0x00001004       0x20 c:/program files/microchip/xc32/v2.50/bin/bin/../../lib/gcc/pic32mx/4.8.3/../../../../pic32mx/lib\libpic32.a(default-on-reset.o)
 .debug_frame   0x00001024       0x20 c:/program files/microchip/xc32/v2.50/bin/bin/../../lib/gcc/pic32mx/4.8.3/../../../../pic32mx/lib\libpic32.a(default-on-bootstrap.o)
 .debug_frame   0x00001044       0x20 c:/program files/microchip/xc32/v2.50/bin/bin/../../lib/gcc/pic32mx/4.8.3/../../../../pic32mx/lib\libpic32.a(defaultinterrupt.o)

.debug_str      0x00000000      0x424
 *(.debug_str)
 .debug_str     0x00000000        0x0 c:/program files/microchip/xc32/v2.50/bin/bin/../../lib/gcc/pic32mx/4.8.3/../../../../pic32mx/lib\software-debug-break.o
 .debug_str     0x00000000       0x69 build/default/debug/_ext/1361460060/drv_adc_static.o
 .debug_str     0x00000069       0x13 build/default/debug/_ext/1047219354/drv_oc_mapping.o
 .debug_str     0x0000007c       0x1f build/default/debug/_ext/1047219354/drv_oc_static.o
 .debug_str     0x0000009b       0x68 build/default/debug/_ext/1407244131/drv_tmr_static.o
 .debug_str     0x00000103        0xe build/default/debug/_ext/1407244131/drv_tmr_mapping.o
 .debug_str     0x00000111       0x46 build/default/debug/_ext/639803181/sys_clk_pic32mx.o
 .debug_str     0x00000157       0x16 build/default/debug/_ext/340578644/sys_devcon.o
 .debug_str     0x0000016d        0x6 build/default/debug/_ext/340578644/sys_devcon_pic32mx.o
 .debug_str     0x00000173       0xa1 build/default/debug/_ext/822048611/sys_ports_static.o
 .debug_str     0x00000214        0xb build/default/debug/_ext/1688732426/system_init.o
 .debug_str     0x0000021f        0x0 build/default/debug/_ext/1688732426/system_interrupt.o
 .debug_str     0x0000021f        0x0 build/default/debug/_ext/1688732426/system_exceptions.o
 .debug_str     0x0000021f        0x0 build/default/debug/_ext/1688732426/system_tasks.o
 .debug_str     0x0000021f        0x0 build/default/debug/_ext/1360937237/app.o
 .debug_str     0x0000021f        0x0 build/default/debug/_ext/1360937237/main.o
 .debug_str     0x0000021f       0x4a build/default/debug/_ext/1360937237/Mc32DriverAdc.o
 .debug_str     0x00000269       0x21 build/default/debug/_ext/1360937237/Mc32_I2cUtilCCS.o
 .debug_str     0x0000028a      0x167 build/default/debug/_ext/475095144/drv_i2c.o
 .debug_str     0x000003f1       0x16 build/default/debug/_ext/475095144/drv_i2c_forced.o
 .debug_str     0x00000407       0x1d build/default/debug/_ext/1042686532/sys_int_pic32.o
 .debug_str     0x00000424        0x0 c:/program files/microchip/xc32/v2.50/bin/bin/../../lib/gcc/pic32mx/4.8.3/../../../../pic32mx/lib\libpic32.a(default-bootstrap-exception-handler.o)
 .debug_str     0x00000424        0x0 c:/program files/microchip/xc32/v2.50/bin/bin/../../lib/gcc/pic32mx/4.8.3/../../../../pic32mx/lib\libpic32.a(default-on-reset.o)
 .debug_str     0x00000424        0x0 c:/program files/microchip/xc32/v2.50/bin/bin/../../lib/gcc/pic32mx/4.8.3/../../../../pic32mx/lib\libpic32.a(default-on-bootstrap.o)
 .debug_str     0x00000424        0x0 c:/program files/microchip/xc32/v2.50/bin/bin/../../lib/gcc/pic32mx/4.8.3/../../../../pic32mx/lib\libpic32.a(defaultinterrupt.o)

.debug_loc      0x00000000     0x4d63
 *(.debug_loc)
 .debug_loc     0x00000000       0x42 build/default/debug/_ext/1361460060/drv_adc_static.o
 .debug_loc     0x00000042      0x36d build/default/debug/_ext/1047219354/drv_oc_mapping.o
 .debug_loc     0x000003af       0x21 build/default/debug/_ext/1047219354/drv_oc_static.o
 .debug_loc     0x000003d0      0x2eb build/default/debug/_ext/1407244131/drv_tmr_static.o
 .debug_loc     0x000006bb      0x6a4 build/default/debug/_ext/1407244131/drv_tmr_mapping.o
 .debug_loc     0x00000d5f       0xcd build/default/debug/_ext/639803181/sys_clk_pic32mx.o
 .debug_loc     0x00000e2c      0x174 build/default/debug/_ext/340578644/sys_devcon.o
 .debug_loc     0x00000fa0       0xbd build/default/debug/_ext/340578644/sys_devcon_pic32mx.o
 .debug_loc     0x0000105d      0x7ba build/default/debug/_ext/822048611/sys_ports_static.o
 .debug_loc     0x00001817       0x4d build/default/debug/_ext/1688732426/system_init.o
 .debug_loc     0x00001864       0x2d build/default/debug/_ext/1688732426/system_interrupt.o
 .debug_loc     0x00001891       0x20 build/default/debug/_ext/1688732426/system_exceptions.o
 .debug_loc     0x000018b1       0x2c build/default/debug/_ext/1688732426/system_tasks.o
 .debug_loc     0x000018dd       0x90 build/default/debug/_ext/1360937237/app.o
 .debug_loc     0x0000196d       0x20 build/default/debug/_ext/1360937237/main.o
 .debug_loc     0x0000198d       0xf6 build/default/debug/_ext/1360937237/Mc32DriverAdc.o
 .debug_loc     0x00001a83      0x26c build/default/debug/_ext/1360937237/Mc32_I2cUtilCCS.o
 .debug_loc     0x00001cef     0x2c5a build/default/debug/_ext/475095144/drv_i2c.o
 .debug_loc     0x00004949      0x2c2 build/default/debug/_ext/475095144/drv_i2c_forced.o
 .debug_loc     0x00004c0b      0x12c build/default/debug/_ext/1042686532/sys_int_pic32.o
 .debug_loc     0x00004d37       0x2c c:/program files/microchip/xc32/v2.50/bin/bin/../../lib/gcc/pic32mx/4.8.3/../../../../pic32mx/lib\libpic32.a(default-bootstrap-exception-handler.o)

.debug_macinfo
 *(.debug_macinfo)

.debug_weaknames
 *(.debug_weaknames)

.debug_funcnames
 *(.debug_funcnames)

.debug_typenames
 *(.debug_typenames)

.debug_varnames
 *(.debug_varnames)

.debug_pubtypes
 *(.debug_pubtypes)

.debug_ranges   0x00000000      0x750
 *(.debug_ranges)
 .debug_ranges  0x00000000       0x10 c:/program files/microchip/xc32/v2.50/bin/bin/../../lib/gcc/pic32mx/4.8.3/../../../../pic32mx/lib\software-debug-break.o
 .debug_ranges  0x00000010       0x68 build/default/debug/_ext/1361460060/drv_adc_static.o
 .debug_ranges  0x00000078       0x40 build/default/debug/_ext/1047219354/drv_oc_mapping.o
 .debug_ranges  0x000000b8       0x40 build/default/debug/_ext/1047219354/drv_oc_static.o
 .debug_ranges  0x000000f8       0x98 build/default/debug/_ext/1407244131/drv_tmr_static.o
 .debug_ranges  0x00000190       0xd8 build/default/debug/_ext/1407244131/drv_tmr_mapping.o
 .debug_ranges  0x00000268       0x40 build/default/debug/_ext/639803181/sys_clk_pic32mx.o
 .debug_ranges  0x000002a8       0x68 build/default/debug/_ext/340578644/sys_devcon.o
 .debug_ranges  0x00000310       0x10 build/default/debug/_ext/340578644/sys_devcon_pic32mx.o
 .debug_ranges  0x00000320      0x138 build/default/debug/_ext/822048611/sys_ports_static.o
 .debug_ranges  0x00000458       0x10 build/default/debug/_ext/1688732426/system_init.o
 .debug_ranges  0x00000468       0x10 build/default/debug/_ext/1688732426/system_interrupt.o
 .debug_ranges  0x00000478       0x10 build/default/debug/_ext/1688732426/system_exceptions.o
 .debug_ranges  0x00000488       0x10 build/default/debug/_ext/1688732426/system_tasks.o
 .debug_ranges  0x00000498       0x20 build/default/debug/_ext/1360937237/app.o
 .debug_ranges  0x000004b8       0x10 build/default/debug/_ext/1360937237/main.o
 .debug_ranges  0x000004c8       0x18 build/default/debug/_ext/1360937237/Mc32DriverAdc.o
 .debug_ranges  0x000004e0       0x38 build/default/debug/_ext/1360937237/Mc32_I2cUtilCCS.o
 .debug_ranges  0x00000518      0x160 build/default/debug/_ext/475095144/drv_i2c.o
 .debug_ranges  0x00000678       0x10 build/default/debug/_ext/475095144/drv_i2c_forced.o
 .debug_ranges  0x00000688       0x50 build/default/debug/_ext/1042686532/sys_int_pic32.o
 .debug_ranges  0x000006d8       0x38 C:\Users\pd55xhr\AppData\Local\Temp\ccOONntQ.o
 .debug_ranges  0x00000710       0x10 c:/program files/microchip/xc32/v2.50/bin/bin/../../lib/gcc/pic32mx/4.8.3/../../../../pic32mx/lib\libpic32.a(default-bootstrap-exception-handler.o)
 .debug_ranges  0x00000720       0x10 c:/program files/microchip/xc32/v2.50/bin/bin/../../lib/gcc/pic32mx/4.8.3/../../../../pic32mx/lib\libpic32.a(default-on-reset.o)
 .debug_ranges  0x00000730       0x10 c:/program files/microchip/xc32/v2.50/bin/bin/../../lib/gcc/pic32mx/4.8.3/../../../../pic32mx/lib\libpic32.a(default-on-bootstrap.o)
 .debug_ranges  0x00000740       0x10 c:/program files/microchip/xc32/v2.50/bin/bin/../../lib/gcc/pic32mx/4.8.3/../../../../pic32mx/lib\libpic32.a(defaultinterrupt.o)

.gnu.attributes
                0x00000000       0x10
 *(.gnu.attributes)
 .gnu.attributes
                0x00000000       0x10 c:/program files/microchip/xc32/v2.50/bin/bin/../../lib/gcc/pic32mx/4.8.3/../../../../pic32mx/lib\software-debug-break.o
 .gnu.attributes
                0x00000010       0x10 build/default/debug/_ext/1361460060/drv_adc_static.o
 .gnu.attributes
                0x00000020       0x10 build/default/debug/_ext/1047219354/drv_oc_mapping.o
 .gnu.attributes
                0x00000030       0x10 build/default/debug/_ext/1047219354/drv_oc_static.o
 .gnu.attributes
                0x00000040       0x10 build/default/debug/_ext/1407244131/drv_tmr_static.o
 .gnu.attributes
                0x00000050       0x10 build/default/debug/_ext/1407244131/drv_tmr_mapping.o
 .gnu.attributes
                0x00000060       0x10 build/default/debug/_ext/639803181/sys_clk_pic32mx.o
 .gnu.attributes
                0x00000070       0x10 build/default/debug/_ext/340578644/sys_devcon.o
 .gnu.attributes
                0x00000080       0x10 build/default/debug/_ext/340578644/sys_devcon_pic32mx.o
 .gnu.attributes
                0x00000090       0x10 build/default/debug/_ext/822048611/sys_ports_static.o
 .gnu.attributes
                0x000000a0       0x10 build/default/debug/_ext/1688732426/system_init.o
 .gnu.attributes
                0x000000b0       0x10 build/default/debug/_ext/1688732426/system_interrupt.o
 .gnu.attributes
                0x000000c0       0x10 build/default/debug/_ext/1688732426/system_exceptions.o
 .gnu.attributes
                0x000000d0       0x10 build/default/debug/_ext/1688732426/system_tasks.o
 .gnu.attributes
                0x000000e0       0x10 build/default/debug/_ext/1360937237/app.o
 .gnu.attributes
                0x000000f0       0x10 build/default/debug/_ext/1360937237/main.o
 .gnu.attributes
                0x00000100       0x10 build/default/debug/_ext/1360937237/Mc32DriverAdc.o
 .gnu.attributes
                0x00000110       0x10 build/default/debug/_ext/1360937237/Mc32_I2cUtilCCS.o
 .gnu.attributes
                0x00000120       0x10 build/default/debug/_ext/475095144/drv_i2c.o
 .gnu.attributes
                0x00000130       0x10 build/default/debug/_ext/475095144/drv_i2c_forced.o
 .gnu.attributes
                0x00000140       0x10 build/default/debug/_ext/1042686532/sys_int_pic32.o
 .gnu.attributes
                0x00000150       0x10 c:/program files/microchip/xc32/v2.50/bin/bin/../../lib/gcc/pic32mx/4.8.3/../../../../pic32mx/lib\libpic32.a(default-bootstrap-exception-handler.o)
 .gnu.attributes
                0x00000160       0x10 c:/program files/microchip/xc32/v2.50/bin/bin/../../lib/gcc/pic32mx/4.8.3/../../../../pic32mx/lib\libpic32.a(default-on-reset.o)
 .gnu.attributes
                0x00000170       0x10 c:/program files/microchip/xc32/v2.50/bin/bin/../../lib/gcc/pic32mx/4.8.3/../../../../pic32mx/lib\libpic32.a(default-on-bootstrap.o)
 .gnu.attributes
                0x00000180       0x10 c:/program files/microchip/xc32/v2.50/bin/bin/../../lib/gcc/pic32mx/4.8.3/../../../../pic32mx/lib\libpic32.a(defaultinterrupt.o)
LOAD c:/program files/microchip/xc32/v2.50/bin/bin/../../lib/gcc/pic32mx/4.8.3\libgcc.a
START GROUP
LOAD c:/program files/microchip/xc32/v2.50/bin/bin/../../lib/gcc/pic32mx/4.8.3/../../../../pic32mx/lib\libpic32.a
LOAD c:/program files/microchip/xc32/v2.50/bin/bin/../../lib/gcc/pic32mx/4.8.3/../../../../pic32mx/lib\libdebug.a
LOAD c:/program files/microchip/xc32/v2.50/bin/bin/../../lib/gcc/pic32mx/4.8.3/../../../../pic32mx/lib\libpic32.a
LOAD c:/program files/microchip/xc32/v2.50/bin/bin/../../lib/gcc/pic32mx/4.8.3/../../../../pic32mx/lib\libc.a
LOAD c:/program files/microchip/xc32/v2.50/bin/bin/../../lib/gcc/pic32mx/4.8.3/../../../../pic32mx/lib\libc.a
LOAD c:/program files/microchip/xc32/v2.50/bin/bin/../../lib/gcc/pic32mx/4.8.3/../../../../pic32mx/lib\libm.a
LOAD c:/program files/microchip/xc32/v2.50/bin/bin/../../lib/gcc/pic32mx/4.8.3/../../../../pic32mx/lib\libe.a
LOAD c:/program files/microchip/xc32/v2.50/bin/bin/../../lib/gcc/pic32mx/4.8.3/../../../../pic32mx/lib\libdsp.a
LOAD c:/program files/microchip/xc32/v2.50/bin/bin/../../lib/gcc/pic32mx/4.8.3\libgcc.a
LOAD c:/program files/microchip/xc32/v2.50/bin/bin/../../lib/gcc/pic32mx/4.8.3/../../../../pic32mx/lib\libpic32.a
END GROUP
LOAD c:/program files/microchip/xc32/v2.50/bin/bin/../../lib/gcc/pic32mx/4.8.3\libgcc.a
OUTPUT(dist/default/debug/TP4_EIND_REGL.X.debug.elf elf32-tradlittlemips)
LOAD stack
LOAD data_init

.reginfo        0x00000000       0x18
 .reginfo       0x00000000       0x18 c:/program files/microchip/xc32/v2.50/bin/bin/../../lib/gcc/pic32mx/4.8.3/../../../../pic32mx/lib\software-debug-break.o

.stack          0xa00004b0      0x400
 .stack         0xa00004b0      0x400 stack

.bss            0xa0000274      0x21c
 .bss           0xa0000274      0x21c build/default/debug/_ext/475095144/drv_i2c.o

.text.DRV_I2C_Tasks
                0x9d000000      0x9dc
 .text.DRV_I2C_Tasks
                0x9d000000      0x9dc build/default/debug/_ext/475095144/drv_i2c.o
                0x9d000000                DRV_I2C_Tasks

.text.dp32subadd
                0x9d0009dc      0x430
 .text.dp32subadd
                0x9d0009dc      0x430 c:/program files/microchip/xc32/v2.50/bin/bin/../../lib/gcc/pic32mx/4.8.3/../../../../pic32mx/lib\libm.a(dp32subadd.o)
                0x9d0009dc                __subdf3
                0x9d0009dc                dpsub
                0x9d0009e4                dpadd
                0x9d0009e4                __adddf3

.text.DRV_I2C_Initialize
                0x9d000e0c      0x36c
 .text.DRV_I2C_Initialize
                0x9d000e0c      0x36c build/default/debug/_ext/475095144/drv_i2c.o
                0x9d000e0c                DRV_I2C_Initialize

.text.dp32mul   0x9d001178      0x32c
 .text.dp32mul  0x9d001178      0x32c c:/program files/microchip/xc32/v2.50/bin/bin/../../lib/gcc/pic32mx/4.8.3/../../../../pic32mx/lib\libm.a(dp32mul.o)
                0x9d001178                __muldf3
                0x9d001178                dpmul

.text.APP_Tasks
                0x9d0014a4      0x27c
 .text.APP_Tasks
                0x9d0014a4      0x27c build/default/debug/_ext/1360937237/app.o
                0x9d0014a4                APP_Tasks

.text.fpsubadd  0x9d001720      0x278
 .text.fpsubadd
                0x9d001720      0x278 c:/program files/microchip/xc32/v2.50/bin/bin/../../lib/gcc/pic32mx/4.8.3/../../../../pic32mx/lib\libm.a(fp32subadd.o)
                0x9d001720                fpsub
                0x9d001720                __subsf3
                0x9d001728                __addsf3
                0x9d001728                fpadd

.text.fp32mul   0x9d001998      0x1bc
 .text.fp32mul  0x9d001998      0x1bc c:/program files/microchip/xc32/v2.50/bin/bin/../../lib/gcc/pic32mx/4.8.3/../../../../pic32mx/lib\libm.a(fp32mul.o)
                0x9d001998                fpmul
                0x9d001998                __mulsf3

.text.IntHandlerDrvTmrInstance0
                0x9d001b54      0x144
 .text.IntHandlerDrvTmrInstance0
                0x9d001b54      0x144 build/default/debug/_ext/1688732426/system_interrupt.o
                0x9d001b54                IntHandlerDrvTmrInstance0

.text.dpcmp     0x9d001c98      0x12c
 .text.dpcmp    0x9d001c98      0x12c c:/program files/microchip/xc32/v2.50/bin/bin/../../lib/gcc/pic32mx/4.8.3/../../../../pic32mx/lib\libm.a(dpcmp.o)
                0x9d001c98                __gtdf2
                0x9d001c98                __ltdf2
                0x9d001c98                dpcmp
                0x9d001c98                __ledf2
                0x9d001c98                __nedf2
                0x9d001c98                __gedf2
                0x9d001c98                __eqdf2

.rodata         0x9d001dc4      0x128
 .rodata        0x9d001dc4      0x128 build/default/debug/_ext/1688732426/system_exceptions.o

.text.dptofp    0x9d001eec      0x100
 .text.dptofp   0x9d001eec      0x100 c:/program files/microchip/xc32/v2.50/bin/bin/../../lib/gcc/pic32mx/4.8.3/../../../../pic32mx/lib\libm.a(dptofp.o)
                0x9d001eec                __truncdfsf2
                0x9d001eec                dptofp

.text.general_exception
                0x9d001fec       0xdc
 .text.general_exception
                0x9d001fec       0xdc c:/program files/microchip/xc32/v2.50/bin/bin/../../lib/gcc/pic32mx/4.8.3/../../../../pic32mx/lib\libpic32.a(general-exception.o)
                0x9d001fec                _general_exception_context

.text.SYS_PORTS_Initialize
                0x9d0020c8       0xb0
 .text.SYS_PORTS_Initialize
                0x9d0020c8       0xb0 build/default/debug/_ext/822048611/sys_ports_static.o
                0x9d0020c8                SYS_PORTS_Initialize

.text.fptodp    0x9d002178       0xac
 .text.fptodp   0x9d002178       0xac c:/program files/microchip/xc32/v2.50/bin/bin/../../lib/gcc/pic32mx/4.8.3/../../../../pic32mx/lib\libm.a(fptodp.o)
                0x9d002178                fptodp
                0x9d002178                __extendsfdf2

.text.DRV_ADC_Initialize
                0x9d002224       0xa4
 .text.DRV_ADC_Initialize
                0x9d002224       0xa4 build/default/debug/_ext/1361460060/drv_adc_static.o
                0x9d002224                DRV_ADC_Initialize

.text._DRV_I2C_QueuePop
                0x9d0022c8       0x9c
 .text._DRV_I2C_QueuePop
                0x9d0022c8       0x9c build/default/debug/_ext/475095144/drv_i2c.o
                0x9d0022c8                _DRV_I2C_QueuePop

.text.fpcmp     0x9d002364       0x9c
 .text.fpcmp    0x9d002364       0x9c c:/program files/microchip/xc32/v2.50/bin/bin/../../lib/gcc/pic32mx/4.8.3/../../../../pic32mx/lib\libm.a(fpcmp.o)
                0x9d002364                __nesf2
                0x9d002364                __gtsf2
                0x9d002364                __eqsf2
                0x9d002364                __ltsf2
                0x9d002364                fpcmp
                0x9d002364                __gesf2
                0x9d002364                __lesf2

.text.BSP_InitADC10
                0x9d002400       0x98
 .text.BSP_InitADC10
                0x9d002400       0x98 build/default/debug/_ext/1360937237/Mc32DriverAdc.o
                0x9d002400                BSP_InitADC10

.text.SYS_Initialize
                0x9d002498       0x88
 .text.SYS_Initialize
                0x9d002498       0x88 build/default/debug/_ext/1688732426/system_init.o
                0x9d002498                SYS_Initialize

.text           0x9d002520       0x84
 .text          0x9d002520       0x84 c:/program files/microchip/xc32/v2.50/bin/bin/../../lib/gcc/pic32mx/4.8.3/../../../../pic32mx/lib\libpic32.a(pic32_data_init.o)
                0x9d002520                __pic32_data_init

.text.fptoul    0x9d0025a4       0x7c
 .text.fptoul   0x9d0025a4       0x7c c:/program files/microchip/xc32/v2.50/bin/bin/../../lib/gcc/pic32mx/4.8.3/../../../../pic32mx/lib\libm.a(fptoul.o)
                0x9d0025a4                __fixunssfsi
                0x9d0025a4                fptoul
                0x9d0025a4                fptoui

.text.DRV_TMR0_Initialize
                0x9d002620       0x78
 .text.DRV_TMR0_Initialize
                0x9d002620       0x78 build/default/debug/_ext/1407244131/drv_tmr_static.o
                0x9d002620                DRV_TMR0_Initialize

.text.litodp    0x9d002698       0x78
 .text.litodp   0x9d002698       0x78 c:/program files/microchip/xc32/v2.50/bin/bin/../../lib/gcc/pic32mx/4.8.3/../../../../pic32mx/lib\libm.a(litodp.o)
                0x9d002698                litodp
                0x9d002698                __floatsidf

.text.BSP_ReadAllADC
                0x9d002710       0x6c
 .text.BSP_ReadAllADC
                0x9d002710       0x6c build/default/debug/_ext/1360937237/Mc32DriverAdc.o
                0x9d002710                BSP_ReadAllADC

.dinit          0x9d00277c       0x60
 .dinit         0x9d00277c       0x60 data_init

.text.SYS_CLK_Initialize
                0x9d0027dc       0x58
 .text.SYS_CLK_Initialize
                0x9d0027dc       0x58 build/default/debug/_ext/639803181/sys_clk_pic32mx.o
                0x9d0027dc                SYS_CLK_Initialize

.text.SYS_DEVCON_SystemUnlock
                0x9d002834       0x58
 .text.SYS_DEVCON_SystemUnlock
                0x9d002834       0x58 build/default/debug/_ext/340578644/sys_devcon.o
                0x9d002834                SYS_DEVCON_SystemUnlock

.text.SYS_DEVCON_PerformanceConfig
                0x9d00288c       0x58
 .text.SYS_DEVCON_PerformanceConfig
                0x9d00288c       0x58 build/default/debug/_ext/340578644/sys_devcon_pic32mx.o
                0x9d00288c                SYS_DEVCON_PerformanceConfig

.text.main_entry
                0x9d0028e4       0x54
 .text.main_entry
                0x9d0028e4       0x54 C:\Users\pd55xhr\AppData\Local\Temp\ccOONntQ.o
                0x9d002918                __crt0_exit

.rodata         0x9d002938       0x4c
 .rodata        0x9d002938       0x4c build/default/debug/_ext/1688732426/system_init.o
                0x9d002938                drvI2C0InitData

.text.SYS_DEVCON_SystemLock
                0x9d002984       0x48
 .text.SYS_DEVCON_SystemLock
                0x9d002984       0x48 build/default/debug/_ext/340578644/sys_devcon.o
                0x9d002984                SYS_DEVCON_SystemLock

.text._bootstrap_exception_handler
                0x9d0029cc       0x48
 .text._bootstrap_exception_handler
                0x9d0029cc       0x48 c:/program files/microchip/xc32/v2.50/bin/bin/../../lib/gcc/pic32mx/4.8.3/../../../../pic32mx/lib\libpic32.a(default-bootstrap-exception-handler.o)
                0x9d0029cc                _bootstrap_exception_handler

.vector_default
                0x9d002a14       0x48
 .vector_default
                0x9d002a14       0x48 c:/program files/microchip/xc32/v2.50/bin/bin/../../lib/gcc/pic32mx/4.8.3/../../../../pic32mx/lib\libpic32.a(defaultinterrupt.o)
                0x9d002a14                _DefaultInterrupt

.text.DRV_OC0_Initialize
                0x9d002a5c       0x44
 .text.DRV_OC0_Initialize
                0x9d002a5c       0x44 build/default/debug/_ext/1047219354/drv_oc_static.o
                0x9d002a5c                DRV_OC0_Initialize

.text._general_exception_handler
                0x9d002aa0       0x44
 .text._general_exception_handler
                0x9d002aa0       0x44 build/default/debug/_ext/1688732426/system_exceptions.o
                0x9d002aa0                _general_exception_handler

.text           0x9d002ae4       0x44
 .text          0x9d002ae4       0x44 c:/program files/microchip/xc32/v2.50/bin/bin/../../lib/gcc/pic32mx/4.8.3/../../../../pic32mx/lib\pic32_software_reset.o
                0x9d002ae4                __pic32_software_reset

.text.DRV_TMR0_Start
                0x9d002b28       0x3c
 .text.DRV_TMR0_Start
                0x9d002b28       0x3c build/default/debug/_ext/1407244131/drv_tmr_static.o
                0x9d002b28                DRV_TMR0_Start

.text._DRV_I2C_IsQueueEmpty
                0x9d002b64       0x3c
 .text._DRV_I2C_IsQueueEmpty
                0x9d002b64       0x3c build/default/debug/_ext/475095144/drv_i2c.o
                0x9d002b64                _DRV_I2C_IsQueueEmpty

.text._DRV_I2C_Advance_Queue
                0x9d002ba0       0x38
 .text._DRV_I2C_Advance_Queue
                0x9d002ba0       0x38 build/default/debug/_ext/475095144/drv_i2c.o
                0x9d002ba0                _DRV_I2C_Advance_Queue

.text.SYS_Tasks
                0x9d002bd8       0x24
 .text.SYS_Tasks
                0x9d002bd8       0x24 build/default/debug/_ext/1688732426/system_tasks.o
                0x9d002bd8                SYS_Tasks

.rodata         0x9d002c00       0x20
 .rodata        0x9d002c00       0x20 build/default/debug/_ext/1360937237/app.o

.text.main      0x9d002c20       0x20
 .text.main     0x9d002c20       0x20 build/default/debug/_ext/1360937237/main.o
                0x9d002c20                main

.text           0x9d002c40       0x18
 .text          0x9d002c40       0x18 c:/program files/microchip/xc32/v2.50/bin/bin/../../lib/gcc/pic32mx/4.8.3/../../../../pic32mx/lib\libpic32.a(default-nmi-handler.o)
                0x9d002c40                _nmi_handler

.text.DRV_OC0_Start
                0x9d002c58       0x14
 .text.DRV_OC0_Start
                0x9d002c58       0x14 build/default/debug/_ext/1047219354/drv_oc_static.o
                0x9d002c58                DRV_OC0_Start

.text.DRV_OC0_PulseWidthSet
                0x9d002c6c       0x14
 .text.DRV_OC0_PulseWidthSet
                0x9d002c6c       0x14 build/default/debug/_ext/1047219354/drv_oc_static.o
                0x9d002c6c                DRV_OC0_PulseWidthSet

.text.SYS_DEVCON_Initialize
                0x9d002c80       0x14
 .text.SYS_DEVCON_Initialize
                0x9d002c80       0x14 build/default/debug/_ext/340578644/sys_devcon.o
                0x9d002c80                SYS_DEVCON_Initialize

.text.SYS_INT_Initialize
                0x9d002c94       0x14
 .text.SYS_INT_Initialize
                0x9d002c94       0x14 build/default/debug/_ext/1042686532/sys_int_pic32.o
                0x9d002c94                SYS_INT_Initialize

.text.__exception_handler_break
                0x9d002ca8        0xc
 .text.__exception_handler_break
                0x9d002ca8        0xc c:/program files/microchip/xc32/v2.50/bin/bin/../../lib/gcc/pic32mx/4.8.3/../../../../pic32mx/lib\software-debug-break.o
                0x9d002ca8                __exception_handler_break

.text.SYS_CLK_SystemFrequencyGet
                0x9d002cb4        0xc
 .text.SYS_CLK_SystemFrequencyGet
                0x9d002cb4        0xc build/default/debug/_ext/639803181/sys_clk_pic32mx.o
                0x9d002cb4                SYS_CLK_SystemFrequencyGet

.text.SYS_CLK_PeripheralFrequencyGet
                0x9d002cc0        0xc
 .text.SYS_CLK_PeripheralFrequencyGet
                0x9d002cc0        0xc build/default/debug/_ext/639803181/sys_clk_pic32mx.o
                0x9d002cc0                SYS_CLK_PeripheralFrequencyGet

.text.APP_Initialize
                0x9d002ccc        0x8
 .text.APP_Initialize
                0x9d002ccc        0x8 build/default/debug/_ext/1360937237/app.o
                0x9d002ccc                APP_Initialize

.text.UpdateAppState
                0x9d002cd4        0x8
 .text.UpdateAppState
                0x9d002cd4        0x8 build/default/debug/_ext/1360937237/app.o
                0x9d002cd4                UpdateAppState

.text._on_reset
                0x9d002cdc        0x8
 .text._on_reset
                0x9d002cdc        0x8 c:/program files/microchip/xc32/v2.50/bin/bin/../../lib/gcc/pic32mx/4.8.3/../../../../pic32mx/lib\libpic32.a(default-on-reset.o)
                0x9d002cdc                _on_reset

.text._on_bootstrap
                0x9d002ce4        0x8
 .text._on_bootstrap
                0x9d002ce4        0x8 c:/program files/microchip/xc32/v2.50/bin/bin/../../lib/gcc/pic32mx/4.8.3/../../../../pic32mx/lib\libpic32.a(default-on-bootstrap.o)
                0x9d002ce4                _on_bootstrap
